
Showing Recent Errors Only

Build target axiom_shsat of project axiom_shsat with configuration Debug

SwiftCompile normal arm64 Compiling\ QuestionService.swift,\ ColorExtensions.swift,\ DateExtensions.swift,\ ErrorHandler.swift,\ MathFormatter.swift /Users/imran/GitRepos/axiom_shsat/axiom_shsat/Services/QuestionService.swift /Users/imran/GitRepos/axiom_shsat/axiom_shsat/Utilities/Extensions/ColorExtensions.swift /Users/imran/GitRepos/axiom_shsat/axiom_shsat/Utilities/Extensions/DateExtensions.swift /Users/imran/GitRepos/axiom_shsat/axiom_shsat/Utilities/Helpers/ErrorHandler.swift /Users/imran/GitRepos/axiom_shsat/axiom_shsat/Utilities/Helpers/MathFormatter.swift (in target 'axiom_shsat' from project 'axiom_shsat')
    cd /Users/imran/GitRepos/axiom_shsat
    builtin-swiftTaskExecution -- /Applications/Xcode.app/Contents/Developer/Toolchains/XcodeDefault.xctoolchain/usr/bin/swift-frontend -frontend -c /Users/imran/GitRepos/axiom_shsat/axiom_shsat/App/AppDelegate.swift /Users/imran/GitRepos/axiom_shsat/axiom_shsat/App/SHSAT_PrepperApp.swift /Users/imran/GitRepos/axiom_shsat/axiom_shsat/Models/Question.swift /Users/imran/GitRepos/axiom_shsat/axiom_shsat/Models/QuestionResponse.swift /Users/imran/GitRepos/axiom_shsat/axiom_shsat/Models/TestSession.swift /Users/imran/GitRepos/axiom_shsat/axiom_shsat/Models/TopicProgress.swift /Users/imran/GitRepos/axiom_shsat/axiom_shsat/Models/UserProfile.swift /Users/imran/GitRepos/axiom_shsat/axiom_shsat/Services/AnalyticsService.swift /Users/imran/GitRepos/axiom_shsat/axiom_shsat/Services/AuthenticationService.swift /Users/imran/GitRepos/axiom_shsat/axiom_shsat/Services/CloudKitService.swift -primary-file /Users/imran/GitRepos/axiom_shsat/axiom_shsat/Services/QuestionService.swift -primary-file /Users/imran/GitRepos/axiom_shsat/axiom_shsat/Utilities/Extensions/ColorExtensions.swift -primary-file /Users/imran/GitRepos/axiom_shsat/axiom_shsat/Utilities/Extensions/DateExtensions.swift -primary-file /Users/imran/GitRepos/axiom_shsat/axiom_shsat/Utilities/Helpers/ErrorHandler.swift -primary-file /Users/imran/GitRepos/axiom_shsat/axiom_shsat/Utilities/Helpers/MathFormatter.swift /Users/imran/GitRepos/axiom_shsat/axiom_shsat/ViewModels/Analytics/PerformanceChartView.swift /Users/imran/GitRepos/axiom_shsat/axiom_shsat/ViewModels/Analytics/ProgressView.swift /Users/imran/GitRepos/axiom_shsat/axiom_shsat/ViewModels/Analytics/TopicBreakdownView.swift /Users/imran/GitRepos/axiom_shsat/axiom_shsat/ViewModels/AuthViewModel.swift /Users/imran/GitRepos/axiom_shsat/axiom_shsat/ViewModels/HomeViewModel.swift /Users/imran/GitRepos/axiom_shsat/axiom_shsat/ViewModels/ProfileViewModel.swift /Users/imran/GitRepos/axiom_shsat/axiom_shsat/ViewModels/ProgressViewModel.swift /Users/imran/GitRepos/axiom_shsat/axiom_shsat/ViewModels/TestSessionViewModel.swift /Users/imran/GitRepos/axiom_shsat/axiom_shsat/Views/Authentication/AuthenticationView.swift /Users/imran/GitRepos/axiom_shsat/axiom_shsat/Views/Authentication/SignInWithAppleButton.swift /Users/imran/GitRepos/axiom_shsat/axiom_shsat/Views/Components/ActionButton.swift /Users/imran/GitRepos/axiom_shsat/axiom_shsat/Views/Components/CircularProgressView.swift /Users/imran/GitRepos/axiom_shsat/axiom_shsat/Views/Components/MathView.swift /Users/imran/GitRepos/axiom_shsat/axiom_shsat/Views/Home/DashboardView.swift /Users/imran/GitRepos/axiom_shsat/axiom_shsat/Views/Home/HomeView.swift /Users/imran/GitRepos/axiom_shsat/axiom_shsat/Views/Home/RecommendationRow.swift /Users/imran/GitRepos/axiom_shsat/axiom_shsat/Views/Practice/QuestionView.swift /Users/imran/GitRepos/axiom_shsat/axiom_shsat/Views/Practice/TestConfigurationView.swift /Users/imran/GitRepos/axiom_shsat/axiom_shsat/Views/Practice/TestResultsView.swift /Users/imran/GitRepos/axiom_shsat/axiom_shsat/Views/Practice/TestSessionView.swift /Users/imran/GitRepos/axiom_shsat/axiom_shsat/Views/Profile/ProfileView.swift /Users/imran/Library/Developer/Xcode/DerivedData/axiom_shsat-ewavnqtjcbvtwzalylmwycqsirlf/Build/Intermediates.noindex/axiom_shsat.build/Debug-iphonesimulator/axiom_shsat.build/DerivedSources/GeneratedAssetSymbols.swift -supplementary-output-file-map /Users/imran/Library/Developer/Xcode/DerivedData/axiom_shsat-ewavnqtjcbvtwzalylmwycqsirlf/Build/Intermediates.noindex/axiom_shsat.build/Debug-iphonesimulator/axiom_shsat.build/Objects-normal/arm64/supplementaryOutputs-3 -emit-localized-strings -emit-localized-strings-path /Users/imran/Library/Developer/Xcode/DerivedData/axiom_shsat-ewavnqtjcbvtwzalylmwycqsirlf/Build/Intermediates.noindex/axiom_shsat.build/Debug-iphonesimulator/axiom_shsat.build/Objects-normal/arm64 -target arm64-apple-ios18.2-simulator -Xllvm -aarch64-use-tbi -enable-objc-interop -sdk /Applications/Xcode.app/Contents/Developer/Platforms/iPhoneSimulator.platform/Developer/SDKs/iPhoneSimulator18.2.sdk -I /Users/imran/Library/Developer/Xcode/DerivedData/axiom_shsat-ewavnqtjcbvtwzalylmwycqsirlf/Build/Products/Debug-iphonesimulator -F /Users/imran/Library/Developer/Xcode/DerivedData/axiom_shsat-ewavnqtjcbvtwzalylmwycqsirlf/Build/Products/Debug-iphonesimulator/PackageFrameworks -F /Users/imran/Library/Developer/Xcode/DerivedData/axiom_shsat-ewavnqtjcbvtwzalylmwycqsirlf/Build/Products/Debug-iphonesimulator -no-color-diagnostics -enable-testing -g -debug-info-format\=dwarf -dwarf-version\=5 -module-cache-path /Users/imran/Library/Developer/Xcode/DerivedData/ModuleCache.noindex -swift-version 5 -enforce-exclusivity\=checked -Onone -D DEBUG -serialize-debugging-options -const-gather-protocols-file /Users/imran/Library/Developer/Xcode/DerivedData/axiom_shsat-ewavnqtjcbvtwzalylmwycqsirlf/Build/Intermediates.noindex/axiom_shsat.build/Debug-iphonesimulator/axiom_shsat.build/Objects-normal/arm64/axiom_shsat_const_extract_protocols.json -enable-experimental-feature DebugDescriptionMacro -enable-experimental-feature OpaqueTypeErasure -enable-bare-slash-regex -empty-abi-descriptor -validate-clang-modules-once -clang-build-session-file /Users/imran/Library/Developer/Xcode/DerivedData/ModuleCache.noindex/Session.modulevalidation -Xcc -working-directory -Xcc /Users/imran/GitRepos/axiom_shsat -resource-dir /Applications/Xcode.app/Contents/Developer/Toolchains/XcodeDefault.xctoolchain/usr/lib/swift -enable-anonymous-context-mangled-names -file-compilation-dir /Users/imran/GitRepos/axiom_shsat -Xcc -D_LIBCPP_HARDENING_MODE\=_LIBCPP_HARDENING_MODE_DEBUG -Xcc -ivfsstatcache -Xcc /Users/imran/Library/Developer/Xcode/DerivedData/SDKStatCaches.noindex/iphonesimulator18.2-22C146-07b28473f605e47e75261259d3ef3b5a.sdkstatcache -Xcc -I/Users/imran/Library/Developer/Xcode/DerivedData/axiom_shsat-ewavnqtjcbvtwzalylmwycqsirlf/Build/Intermediates.noindex/axiom_shsat.build/Debug-iphonesimulator/axiom_shsat.build/swift-overrides.hmap -Xcc -iquote -Xcc /Users/imran/Library/Developer/Xcode/DerivedData/axiom_shsat-ewavnqtjcbvtwzalylmwycqsirlf/Build/Intermediates.noindex/axiom_shsat.build/Debug-iphonesimulator/axiom_shsat.build/axiom_shsat-generated-files.hmap -Xcc -I/Users/imran/Library/Developer/Xcode/DerivedData/axiom_shsat-ewavnqtjcbvtwzalylmwycqsirlf/Build/Intermediates.noindex/axiom_shsat.build/Debug-iphonesimulator/axiom_shsat.build/axiom_shsat-own-target-headers.hmap -Xcc -I/Users/imran/Library/Developer/Xcode/DerivedData/axiom_shsat-ewavnqtjcbvtwzalylmwycqsirlf/Build/Intermediates.noindex/axiom_shsat.build/Debug-iphonesimulator/axiom_shsat.build/axiom_shsat-all-non-framework-target-headers.hmap -Xcc -ivfsoverlay -Xcc /Users/imran/Library/Developer/Xcode/DerivedData/axiom_shsat-ewavnqtjcbvtwzalylmwycqsirlf/Build/Intermediates.noindex/axiom_shsat.build/Debug-iphonesimulator/axiom_shsat-751118db650c7a11cc97f55353d0f766-VFS-iphonesimulator/all-product-headers.yaml -Xcc -iquote -Xcc /Users/imran/Library/Developer/Xcode/DerivedData/axiom_shsat-ewavnqtjcbvtwzalylmwycqsirlf/Build/Intermediates.noindex/axiom_shsat.build/Debug-iphonesimulator/axiom_shsat.build/axiom_shsat-project-headers.hmap -Xcc -I/Users/imran/Library/Developer/Xcode/DerivedData/axiom_shsat-ewavnqtjcbvtwzalylmwycqsirlf/Build/Products/Debug-iphonesimulator/include -Xcc -I/Users/imran/Library/Developer/Xcode/DerivedData/axiom_shsat-ewavnqtjcbvtwzalylmwycqsirlf/Build/Intermediates.noindex/axiom_shsat.build/Debug-iphonesimulator/axiom_shsat.build/DerivedSources-normal/arm64 -Xcc -I/Users/imran/Library/Developer/Xcode/DerivedData/axiom_shsat-ewavnqtjcbvtwzalylmwycqsirlf/Build/Intermediates.noindex/axiom_shsat.build/Debug-iphonesimulator/axiom_shsat.build/DerivedSources/arm64 -Xcc -I/Users/imran/Library/Developer/Xcode/DerivedData/axiom_shsat-ewavnqtjcbvtwzalylmwycqsirlf/Build/Intermediates.noindex/axiom_shsat.build/Debug-iphonesimulator/axiom_shsat.build/DerivedSources -Xcc -DDEBUG\=1 -module-name axiom_shsat -frontend-parseable-output -disable-clang-spi -target-sdk-version 18.2 -target-sdk-name iphonesimulator18.2 -external-plugin-path /Applications/Xcode.app/Contents/Developer/Platforms/iPhoneOS.platform/Developer/usr/lib/swift/host/plugins\#/Applications/Xcode.app/Contents/Developer/Platforms/iPhoneOS.platform/Developer/usr/bin/swift-plugin-server -external-plugin-path /Applications/Xcode.app/Contents/Developer/Platforms/iPhoneOS.platform/Developer/usr/local/lib/swift/host/plugins\#/Applications/Xcode.app/Contents/Developer/Platforms/iPhoneOS.platform/Developer/usr/bin/swift-plugin-server -plugin-path /Applications/Xcode.app/Contents/Developer/Toolchains/XcodeDefault.xctoolchain/usr/lib/swift/host/plugins -plugin-path /Applications/Xcode.app/Contents/Developer/Toolchains/XcodeDefault.xctoolchain/usr/local/lib/swift/host/plugins -o /Users/imran/Library/Developer/Xcode/DerivedData/axiom_shsat-ewavnqtjcbvtwzalylmwycqsirlf/Build/Intermediates.noindex/axiom_shsat.build/Debug-iphonesimulator/axiom_shsat.build/Objects-normal/arm64/QuestionService.o -o /Users/imran/Library/Developer/Xcode/DerivedData/axiom_shsat-ewavnqtjcbvtwzalylmwycqsirlf/Build/Intermediates.noindex/axiom_shsat.build/Debug-iphonesimulator/axiom_shsat.build/Objects-normal/arm64/ColorExtensions.o -o /Users/imran/Library/Developer/Xcode/DerivedData/axiom_shsat-ewavnqtjcbvtwzalylmwycqsirlf/Build/Intermediates.noindex/axiom_shsat.build/Debug-iphonesimulator/axiom_shsat.build/Objects-normal/arm64/DateExtensions.o -o /Users/imran/Library/Developer/Xcode/DerivedData/axiom_shsat-ewavnqtjcbvtwzalylmwycqsirlf/Build/Intermediates.noindex/axiom_shsat.build/Debug-iphonesimulator/axiom_shsat.build/Objects-normal/arm64/ErrorHandler.o -o /Users/imran/Library/Developer/Xcode/DerivedData/axiom_shsat-ewavnqtjcbvtwzalylmwycqsirlf/Build/Intermediates.noindex/axiom_shsat.build/Debug-iphonesimulator/axiom_shsat.build/Objects-normal/arm64/MathFormatter.o -index-unit-output-path /axiom_shsat.build/Debug-iphonesimulator/axiom_shsat.build/Objects-normal/arm64/QuestionService.o -index-unit-output-path /axiom_shsat.build/Debug-iphonesimulator/axiom_shsat.build/Objects-normal/arm64/ColorExtensions.o -index-unit-output-path /axiom_shsat.build/Debug-iphonesimulator/axiom_shsat.build/Objects-normal/arm64/DateExtensions.o -index-unit-output-path /axiom_shsat.build/Debug-iphonesimulator/axiom_shsat.build/Objects-normal/arm64/ErrorHandler.o -index-unit-output-path /axiom_shsat.build/Debug-iphonesimulator/axiom_shsat.build/Objects-normal/arm64/MathFormatter.o -index-store-path /Users/imran/Library/Developer/Xcode/DerivedData/axiom_shsat-ewavnqtjcbvtwzalylmwycqsirlf/Index.noindex/DataStore -index-system-modules

SwiftCompile normal arm64 /Users/imran/GitRepos/axiom_shsat/axiom_shsat/Services/QuestionService.swift (in target 'axiom_shsat' from project 'axiom_shsat')
    cd /Users/imran/GitRepos/axiom_shsat
    /Applications/Xcode.app/Contents/Developer/Toolchains/XcodeDefault.xctoolchain/usr/bin/swift-frontend -c /Users/imran/GitRepos/axiom_shsat/axiom_shsat/App/AppDelegate.swift /Users/imran/GitRepos/axiom_shsat/axiom_shsat/App/SHSAT_PrepperApp.swift /Users/imran/GitRepos/axiom_shsat/axiom_shsat/Models/Question.swift /Users/imran/GitRepos/axiom_shsat/axiom_shsat/Models/QuestionResponse.swift /Users/imran/GitRepos/axiom_shsat/axiom_shsat/Models/TestSession.swift /Users/imran/GitRepos/axiom_shsat/axiom_shsat/Models/TopicProgress.swift /Users/imran/GitRepos/axiom_shsat/axiom_shsat/Models/UserProfile.swift /Users/imran/GitRepos/axiom_shsat/axiom_shsat/Services/AnalyticsService.swift /Users/imran/GitRepos/axiom_shsat/axiom_shsat/Services/AuthenticationService.swift /Users/imran/GitRepos/axiom_shsat/axiom_shsat/Services/CloudKitService.swift -primary-file /Users/imran/GitRepos/axiom_shsat/axiom_shsat/Services/QuestionService.swift -primary-file /Users/imran/GitRepos/axiom_shsat/axiom_shsat/Utilities/Extensions/ColorExtensions.swift -primary-file /Users/imran/GitRepos/axiom_shsat/axiom_shsat/Utilities/Extensions/DateExtensions.swift -primary-file /Users/imran/GitRepos/axiom_shsat/axiom_shsat/Utilities/Helpers/ErrorHandler.swift -primary-file /Users/imran/GitRepos/axiom_shsat/axiom_shsat/Utilities/Helpers/MathFormatter.swift /Users/imran/GitRepos/axiom_shsat/axiom_shsat/ViewModels/Analytics/PerformanceChartView.swift /Users/imran/GitRepos/axiom_shsat/axiom_shsat/ViewModels/Analytics/ProgressView.swift /Users/imran/GitRepos/axiom_shsat/axiom_shsat/ViewModels/Analytics/TopicBreakdownView.swift /Users/imran/GitRepos/axiom_shsat/axiom_shsat/ViewModels/AuthViewModel.swift /Users/imran/GitRepos/axiom_shsat/axiom_shsat/ViewModels/HomeViewModel.swift /Users/imran/GitRepos/axiom_shsat/axiom_shsat/ViewModels/ProfileViewModel.swift /Users/imran/GitRepos/axiom_shsat/axiom_shsat/ViewModels/ProgressViewModel.swift /Users/imran/GitRepos/axiom_shsat/axiom_shsat/ViewModels/TestSessionViewModel.swift /Users/imran/GitRepos/axiom_shsat/axiom_shsat/Views/Authentication/AuthenticationView.swift /Users/imran/GitRepos/axiom_shsat/axiom_shsat/Views/Authentication/SignInWithAppleButton.swift /Users/imran/GitRepos/axiom_shsat/axiom_shsat/Views/Components/ActionButton.swift /Users/imran/GitRepos/axiom_shsat/axiom_shsat/Views/Components/CircularProgressView.swift /Users/imran/GitRepos/axiom_shsat/axiom_shsat/Views/Components/MathView.swift /Users/imran/GitRepos/axiom_shsat/axiom_shsat/Views/Home/DashboardView.swift /Users/imran/GitRepos/axiom_shsat/axiom_shsat/Views/Home/HomeView.swift /Users/imran/GitRepos/axiom_shsat/axiom_shsat/Views/Home/RecommendationRow.swift /Users/imran/GitRepos/axiom_shsat/axiom_shsat/Views/Practice/QuestionView.swift /Users/imran/GitRepos/axiom_shsat/axiom_shsat/Views/Practice/TestConfigurationView.swift /Users/imran/GitRepos/axiom_shsat/axiom_shsat/Views/Practice/TestResultsView.swift /Users/imran/GitRepos/axiom_shsat/axiom_shsat/Views/Practice/TestSessionView.swift /Users/imran/GitRepos/axiom_shsat/axiom_shsat/Views/Profile/ProfileView.swift /Users/imran/Library/Developer/Xcode/DerivedData/axiom_shsat-ewavnqtjcbvtwzalylmwycqsirlf/Build/Intermediates.noindex/axiom_shsat.build/Debug-iphonesimulator/axiom_shsat.build/DerivedSources/GeneratedAssetSymbols.swift -supplementary-output-file-map /Users/imran/Library/Developer/Xcode/DerivedData/axiom_shsat-ewavnqtjcbvtwzalylmwycqsirlf/Build/Intermediates.noindex/axiom_shsat.build/Debug-iphonesimulator/axiom_shsat.build/Objects-normal/arm64/supplementaryOutputs-3 -emit-localized-strings -emit-localized-strings-path /Users/imran/Library/Developer/Xcode/DerivedData/axiom_shsat-ewavnqtjcbvtwzalylmwycqsirlf/Build/Intermediates.noindex/axiom_shsat.build/Debug-iphonesimulator/axiom_shsat.build/Objects-normal/arm64 -target arm64-apple-ios18.2-simulator -Xllvm -aarch64-use-tbi -enable-objc-interop -sdk /Applications/Xcode.app/Contents/Developer/Platforms/iPhoneSimulator.platform/Developer/SDKs/iPhoneSimulator18.2.sdk -I /Users/imran/Library/Developer/Xcode/DerivedData/axiom_shsat-ewavnqtjcbvtwzalylmwycqsirlf/Build/Products/Debug-iphonesimulator -F /Users/imran/Library/Developer/Xcode/DerivedData/axiom_shsat-ewavnqtjcbvtwzalylmwycqsirlf/Build/Products/Debug-iphonesimulator/PackageFrameworks -F /Users/imran/Library/Developer/Xcode/DerivedData/axiom_shsat-ewavnqtjcbvtwzalylmwycqsirlf/Build/Products/Debug-iphonesimulator -no-color-diagnostics -enable-testing -g -debug-info-format\=dwarf -dwarf-version\=5 -module-cache-path /Users/imran/Library/Developer/Xcode/DerivedData/ModuleCache.noindex -swift-version 5 -enforce-exclusivity\=checked -Onone -D DEBUG -serialize-debugging-options -const-gather-protocols-file /Users/imran/Library/Developer/Xcode/DerivedData/axiom_shsat-ewavnqtjcbvtwzalylmwycqsirlf/Build/Intermediates.noindex/axiom_shsat.build/Debug-iphonesimulator/axiom_shsat.build/Objects-normal/arm64/axiom_shsat_const_extract_protocols.json -enable-experimental-feature DebugDescriptionMacro -enable-experimental-feature OpaqueTypeErasure -enable-bare-slash-regex -empty-abi-descriptor -validate-clang-modules-once -clang-build-session-file /Users/imran/Library/Developer/Xcode/DerivedData/ModuleCache.noindex/Session.modulevalidation -Xcc -working-directory -Xcc /Users/imran/GitRepos/axiom_shsat -resource-dir /Applications/Xcode.app/Contents/Developer/Toolchains/XcodeDefault.xctoolchain/usr/lib/swift -enable-anonymous-context-mangled-names -file-compilation-dir /Users/imran/GitRepos/axiom_shsat -Xcc -D_LIBCPP_HARDENING_MODE\=_LIBCPP_HARDENING_MODE_DEBUG -Xcc -ivfsstatcache -Xcc /Users/imran/Library/Developer/Xcode/DerivedData/SDKStatCaches.noindex/iphonesimulator18.2-22C146-07b28473f605e47e75261259d3ef3b5a.sdkstatcache -Xcc -I/Users/imran/Library/Developer/Xcode/DerivedData/axiom_shsat-ewavnqtjcbvtwzalylmwycqsirlf/Build/Intermediates.noindex/axiom_shsat.build/Debug-iphonesimulator/axiom_shsat.build/swift-overrides.hmap -Xcc -iquote -Xcc /Users/imran/Library/Developer/Xcode/DerivedData/axiom_shsat-ewavnqtjcbvtwzalylmwycqsirlf/Build/Intermediates.noindex/axiom_shsat.build/Debug-iphonesimulator/axiom_shsat.build/axiom_shsat-generated-files.hmap -Xcc -I/Users/imran/Library/Developer/Xcode/DerivedData/axiom_shsat-ewavnqtjcbvtwzalylmwycqsirlf/Build/Intermediates.noindex/axiom_shsat.build/Debug-iphonesimulator/axiom_shsat.build/axiom_shsat-own-target-headers.hmap -Xcc -I/Users/imran/Library/Developer/Xcode/DerivedData/axiom_shsat-ewavnqtjcbvtwzalylmwycqsirlf/Build/Intermediates.noindex/axiom_shsat.build/Debug-iphonesimulator/axiom_shsat.build/axiom_shsat-all-non-framework-target-headers.hmap -Xcc -ivfsoverlay -Xcc /Users/imran/Library/Developer/Xcode/DerivedData/axiom_shsat-ewavnqtjcbvtwzalylmwycqsirlf/Build/Intermediates.noindex/axiom_shsat.build/Debug-iphonesimulator/axiom_shsat-751118db650c7a11cc97f55353d0f766-VFS-iphonesimulator/all-product-headers.yaml -Xcc -iquote -Xcc /Users/imran/Library/Developer/Xcode/DerivedData/axiom_shsat-ewavnqtjcbvtwzalylmwycqsirlf/Build/Intermediates.noindex/axiom_shsat.build/Debug-iphonesimulator/axiom_shsat.build/axiom_shsat-project-headers.hmap -Xcc -I/Users/imran/Library/Developer/Xcode/DerivedData/axiom_shsat-ewavnqtjcbvtwzalylmwycqsirlf/Build/Products/Debug-iphonesimulator/include -Xcc -I/Users/imran/Library/Developer/Xcode/DerivedData/axiom_shsat-ewavnqtjcbvtwzalylmwycqsirlf/Build/Intermediates.noindex/axiom_shsat.build/Debug-iphonesimulator/axiom_shsat.build/DerivedSources-normal/arm64 -Xcc -I/Users/imran/Library/Developer/Xcode/DerivedData/axiom_shsat-ewavnqtjcbvtwzalylmwycqsirlf/Build/Intermediates.noindex/axiom_shsat.build/Debug-iphonesimulator/axiom_shsat.build/DerivedSources/arm64 -Xcc -I/Users/imran/Library/Developer/Xcode/DerivedData/axiom_shsat-ewavnqtjcbvtwzalylmwycqsirlf/Build/Intermediates.noindex/axiom_shsat.build/Debug-iphonesimulator/axiom_shsat.build/DerivedSources -Xcc -DDEBUG\=1 -module-name axiom_shsat -frontend-parseable-output -disable-clang-spi -target-sdk-version 18.2 -target-sdk-name iphonesimulator18.2 -external-plugin-path /Applications/Xcode.app/Contents/Developer/Platforms/iPhoneOS.platform/Developer/usr/lib/swift/host/plugins\#/Applications/Xcode.app/Contents/Developer/Platforms/iPhoneOS.platform/Developer/usr/bin/swift-plugin-server -external-plugin-path /Applications/Xcode.app/Contents/Developer/Platforms/iPhoneOS.platform/Developer/usr/local/lib/swift/host/plugins\#/Applications/Xcode.app/Contents/Developer/Platforms/iPhoneOS.platform/Developer/usr/bin/swift-plugin-server -plugin-path /Applications/Xcode.app/Contents/Developer/Toolchains/XcodeDefault.xctoolchain/usr/lib/swift/host/plugins -plugin-path /Applications/Xcode.app/Contents/Developer/Toolchains/XcodeDefault.xctoolchain/usr/local/lib/swift/host/plugins -o /Users/imran/Library/Developer/Xcode/DerivedData/axiom_shsat-ewavnqtjcbvtwzalylmwycqsirlf/Build/Intermediates.noindex/axiom_shsat.build/Debug-iphonesimulator/axiom_shsat.build/Objects-normal/arm64/QuestionService.o -o /Users/imran/Library/Developer/Xcode/DerivedData/axiom_shsat-ewavnqtjcbvtwzalylmwycqsirlf/Build/Intermediates.noindex/axiom_shsat.build/Debug-iphonesimulator/axiom_shsat.build/Objects-normal/arm64/ColorExtensions.o -o /Users/imran/Library/Developer/Xcode/DerivedData/axiom_shsat-ewavnqtjcbvtwzalylmwycqsirlf/Build/Intermediates.noindex/axiom_shsat.build/Debug-iphonesimulator/axiom_shsat.build/Objects-normal/arm64/DateExtensions.o -o /Users/imran/Library/Developer/Xcode/DerivedData/axiom_shsat-ewavnqtjcbvtwzalylmwycqsirlf/Build/Intermediates.noindex/axiom_shsat.build/Debug-iphonesimulator/axiom_shsat.build/Objects-normal/arm64/ErrorHandler.o -o /Users/imran/Library/Developer/Xcode/DerivedData/axiom_shsat-ewavnqtjcbvtwzalylmwycqsirlf/Build/Intermediates.noindex/axiom_shsat.build/Debug-iphonesimulator/axiom_shsat.build/Objects-normal/arm64/MathFormatter.o -index-unit-output-path /axiom_shsat.build/Debug-iphonesimulator/axiom_shsat.build/Objects-normal/arm64/QuestionService.o -index-unit-output-path /axiom_shsat.build/Debug-iphonesimulator/axiom_shsat.build/Objects-normal/arm64/ColorExtensions.o -index-unit-output-path /axiom_shsat.build/Debug-iphonesimulator/axiom_shsat.build/Objects-normal/arm64/DateExtensions.o -index-unit-output-path /axiom_shsat.build/Debug-iphonesimulator/axiom_shsat.build/Objects-normal/arm64/ErrorHandler.o -index-unit-output-path /axiom_shsat.build/Debug-iphonesimulator/axiom_shsat.build/Objects-normal/arm64/MathFormatter.o -index-store-path /Users/imran/Library/Developer/Xcode/DerivedData/axiom_shsat-ewavnqtjcbvtwzalylmwycqsirlf/Index.noindex/DataStore -index-system-modules

/Users/imran/GitRepos/axiom_shsat/axiom_shsat/Services/QuestionService.swift:92:24: error: cannot assign to property: 'descriptor' is a 'let' constant
            descriptor.sortBy = [SortDescriptor(\.lastAttempted, order: .forward)]
            ~~~~~~~~~~ ^
/Users/imran/GitRepos/axiom_shsat/axiom_shsat/Services/QuestionService.swift:89:13: note: change 'let' to 'var' to make it mutable
            let descriptor = FetchDescriptor<Question>(
            ^~~
            var
/Users/imran/GitRepos/axiom_shsat/axiom_shsat/Services/QuestionService.swift:93:24: error: cannot assign to property: 'descriptor' is a 'let' constant
            descriptor.fetchLimit = count
            ~~~~~~~~~~ ^
/Users/imran/GitRepos/axiom_shsat/axiom_shsat/Services/QuestionService.swift:89:13: note: change 'let' to 'var' to make it mutable
            let descriptor = FetchDescriptor<Question>(
            ^~~
            var
/Users/imran/GitRepos/axiom_shsat/axiom_shsat/Services/QuestionService.swift:101:24: error: cannot assign to property: 'descriptor' is a 'let' constant
            descriptor.sortBy = [SortDescriptor(\.lastAttempted, order: .forward)]
            ~~~~~~~~~~ ^
/Users/imran/GitRepos/axiom_shsat/axiom_shsat/Services/QuestionService.swift:100:13: note: change 'let' to 'var' to make it mutable
            let descriptor = FetchDescriptor<Question>()
            ^~~
            var
/Users/imran/GitRepos/axiom_shsat/axiom_shsat/Services/QuestionService.swift:102:24: error: cannot assign to property: 'descriptor' is a 'let' constant
            descriptor.fetchLimit = count - questions.count
            ~~~~~~~~~~ ^
/Users/imran/GitRepos/axiom_shsat/axiom_shsat/Services/QuestionService.swift:100:13: note: change 'let' to 'var' to make it mutable
            let descriptor = FetchDescriptor<Question>()
            ^~~
            var

/Users/imran/GitRepos/axiom_shsat/axiom_shsat/Services/QuestionService.swift:92:24: Cannot assign to property: 'descriptor' is a 'let' constant

/Users/imran/GitRepos/axiom_shsat/axiom_shsat/Services/QuestionService.swift:93:24: Cannot assign to property: 'descriptor' is a 'let' constant

/Users/imran/GitRepos/axiom_shsat/axiom_shsat/Services/QuestionService.swift:101:24: Cannot assign to property: 'descriptor' is a 'let' constant

/Users/imran/GitRepos/axiom_shsat/axiom_shsat/Services/QuestionService.swift:102:24: Cannot assign to property: 'descriptor' is a 'let' constant

SwiftCompile normal arm64 /Users/imran/GitRepos/axiom_shsat/axiom_shsat/Utilities/Extensions/DateExtensions.swift (in target 'axiom_shsat' from project 'axiom_shsat')
    cd /Users/imran/GitRepos/axiom_shsat
    /Applications/Xcode.app/Contents/Developer/Toolchains/XcodeDefault.xctoolchain/usr/bin/swift-frontend -c /Users/imran/GitRepos/axiom_shsat/axiom_shsat/App/AppDelegate.swift /Users/imran/GitRepos/axiom_shsat/axiom_shsat/App/SHSAT_PrepperApp.swift /Users/imran/GitRepos/axiom_shsat/axiom_shsat/Models/Question.swift /Users/imran/GitRepos/axiom_shsat/axiom_shsat/Models/QuestionResponse.swift /Users/imran/GitRepos/axiom_shsat/axiom_shsat/Models/TestSession.swift /Users/imran/GitRepos/axiom_shsat/axiom_shsat/Models/TopicProgress.swift /Users/imran/GitRepos/axiom_shsat/axiom_shsat/Models/UserProfile.swift /Users/imran/GitRepos/axiom_shsat/axiom_shsat/Services/AnalyticsService.swift /Users/imran/GitRepos/axiom_shsat/axiom_shsat/Services/AuthenticationService.swift /Users/imran/GitRepos/axiom_shsat/axiom_shsat/Services/CloudKitService.swift -primary-file /Users/imran/GitRepos/axiom_shsat/axiom_shsat/Services/QuestionService.swift -primary-file /Users/imran/GitRepos/axiom_shsat/axiom_shsat/Utilities/Extensions/ColorExtensions.swift -primary-file /Users/imran/GitRepos/axiom_shsat/axiom_shsat/Utilities/Extensions/DateExtensions.swift -primary-file /Users/imran/GitRepos/axiom_shsat/axiom_shsat/Utilities/Helpers/ErrorHandler.swift -primary-file /Users/imran/GitRepos/axiom_shsat/axiom_shsat/Utilities/Helpers/MathFormatter.swift /Users/imran/GitRepos/axiom_shsat/axiom_shsat/ViewModels/Analytics/PerformanceChartView.swift /Users/imran/GitRepos/axiom_shsat/axiom_shsat/ViewModels/Analytics/ProgressView.swift /Users/imran/GitRepos/axiom_shsat/axiom_shsat/ViewModels/Analytics/TopicBreakdownView.swift /Users/imran/GitRepos/axiom_shsat/axiom_shsat/ViewModels/AuthViewModel.swift /Users/imran/GitRepos/axiom_shsat/axiom_shsat/ViewModels/HomeViewModel.swift /Users/imran/GitRepos/axiom_shsat/axiom_shsat/ViewModels/ProfileViewModel.swift /Users/imran/GitRepos/axiom_shsat/axiom_shsat/ViewModels/ProgressViewModel.swift /Users/imran/GitRepos/axiom_shsat/axiom_shsat/ViewModels/TestSessionViewModel.swift /Users/imran/GitRepos/axiom_shsat/axiom_shsat/Views/Authentication/AuthenticationView.swift /Users/imran/GitRepos/axiom_shsat/axiom_shsat/Views/Authentication/SignInWithAppleButton.swift /Users/imran/GitRepos/axiom_shsat/axiom_shsat/Views/Components/ActionButton.swift /Users/imran/GitRepos/axiom_shsat/axiom_shsat/Views/Components/CircularProgressView.swift /Users/imran/GitRepos/axiom_shsat/axiom_shsat/Views/Components/MathView.swift /Users/imran/GitRepos/axiom_shsat/axiom_shsat/Views/Home/DashboardView.swift /Users/imran/GitRepos/axiom_shsat/axiom_shsat/Views/Home/HomeView.swift /Users/imran/GitRepos/axiom_shsat/axiom_shsat/Views/Home/RecommendationRow.swift /Users/imran/GitRepos/axiom_shsat/axiom_shsat/Views/Practice/QuestionView.swift /Users/imran/GitRepos/axiom_shsat/axiom_shsat/Views/Practice/TestConfigurationView.swift /Users/imran/GitRepos/axiom_shsat/axiom_shsat/Views/Practice/TestResultsView.swift /Users/imran/GitRepos/axiom_shsat/axiom_shsat/Views/Practice/TestSessionView.swift /Users/imran/GitRepos/axiom_shsat/axiom_shsat/Views/Profile/ProfileView.swift /Users/imran/Library/Developer/Xcode/DerivedData/axiom_shsat-ewavnqtjcbvtwzalylmwycqsirlf/Build/Intermediates.noindex/axiom_shsat.build/Debug-iphonesimulator/axiom_shsat.build/DerivedSources/GeneratedAssetSymbols.swift -supplementary-output-file-map /Users/imran/Library/Developer/Xcode/DerivedData/axiom_shsat-ewavnqtjcbvtwzalylmwycqsirlf/Build/Intermediates.noindex/axiom_shsat.build/Debug-iphonesimulator/axiom_shsat.build/Objects-normal/arm64/supplementaryOutputs-3 -emit-localized-strings -emit-localized-strings-path /Users/imran/Library/Developer/Xcode/DerivedData/axiom_shsat-ewavnqtjcbvtwzalylmwycqsirlf/Build/Intermediates.noindex/axiom_shsat.build/Debug-iphonesimulator/axiom_shsat.build/Objects-normal/arm64 -target arm64-apple-ios18.2-simulator -Xllvm -aarch64-use-tbi -enable-objc-interop -sdk /Applications/Xcode.app/Contents/Developer/Platforms/iPhoneSimulator.platform/Developer/SDKs/iPhoneSimulator18.2.sdk -I /Users/imran/Library/Developer/Xcode/DerivedData/axiom_shsat-ewavnqtjcbvtwzalylmwycqsirlf/Build/Products/Debug-iphonesimulator -F /Users/imran/Library/Developer/Xcode/DerivedData/axiom_shsat-ewavnqtjcbvtwzalylmwycqsirlf/Build/Products/Debug-iphonesimulator/PackageFrameworks -F /Users/imran/Library/Developer/Xcode/DerivedData/axiom_shsat-ewavnqtjcbvtwzalylmwycqsirlf/Build/Products/Debug-iphonesimulator -no-color-diagnostics -enable-testing -g -debug-info-format\=dwarf -dwarf-version\=5 -module-cache-path /Users/imran/Library/Developer/Xcode/DerivedData/ModuleCache.noindex -swift-version 5 -enforce-exclusivity\=checked -Onone -D DEBUG -serialize-debugging-options -const-gather-protocols-file /Users/imran/Library/Developer/Xcode/DerivedData/axiom_shsat-ewavnqtjcbvtwzalylmwycqsirlf/Build/Intermediates.noindex/axiom_shsat.build/Debug-iphonesimulator/axiom_shsat.build/Objects-normal/arm64/axiom_shsat_const_extract_protocols.json -enable-experimental-feature DebugDescriptionMacro -enable-experimental-feature OpaqueTypeErasure -enable-bare-slash-regex -empty-abi-descriptor -validate-clang-modules-once -clang-build-session-file /Users/imran/Library/Developer/Xcode/DerivedData/ModuleCache.noindex/Session.modulevalidation -Xcc -working-directory -Xcc /Users/imran/GitRepos/axiom_shsat -resource-dir /Applications/Xcode.app/Contents/Developer/Toolchains/XcodeDefault.xctoolchain/usr/lib/swift -enable-anonymous-context-mangled-names -file-compilation-dir /Users/imran/GitRepos/axiom_shsat -Xcc -D_LIBCPP_HARDENING_MODE\=_LIBCPP_HARDENING_MODE_DEBUG -Xcc -ivfsstatcache -Xcc /Users/imran/Library/Developer/Xcode/DerivedData/SDKStatCaches.noindex/iphonesimulator18.2-22C146-07b28473f605e47e75261259d3ef3b5a.sdkstatcache -Xcc -I/Users/imran/Library/Developer/Xcode/DerivedData/axiom_shsat-ewavnqtjcbvtwzalylmwycqsirlf/Build/Intermediates.noindex/axiom_shsat.build/Debug-iphonesimulator/axiom_shsat.build/swift-overrides.hmap -Xcc -iquote -Xcc /Users/imran/Library/Developer/Xcode/DerivedData/axiom_shsat-ewavnqtjcbvtwzalylmwycqsirlf/Build/Intermediates.noindex/axiom_shsat.build/Debug-iphonesimulator/axiom_shsat.build/axiom_shsat-generated-files.hmap -Xcc -I/Users/imran/Library/Developer/Xcode/DerivedData/axiom_shsat-ewavnqtjcbvtwzalylmwycqsirlf/Build/Intermediates.noindex/axiom_shsat.build/Debug-iphonesimulator/axiom_shsat.build/axiom_shsat-own-target-headers.hmap -Xcc -I/Users/imran/Library/Developer/Xcode/DerivedData/axiom_shsat-ewavnqtjcbvtwzalylmwycqsirlf/Build/Intermediates.noindex/axiom_shsat.build/Debug-iphonesimulator/axiom_shsat.build/axiom_shsat-all-non-framework-target-headers.hmap -Xcc -ivfsoverlay -Xcc /Users/imran/Library/Developer/Xcode/DerivedData/axiom_shsat-ewavnqtjcbvtwzalylmwycqsirlf/Build/Intermediates.noindex/axiom_shsat.build/Debug-iphonesimulator/axiom_shsat-751118db650c7a11cc97f55353d0f766-VFS-iphonesimulator/all-product-headers.yaml -Xcc -iquote -Xcc /Users/imran/Library/Developer/Xcode/DerivedData/axiom_shsat-ewavnqtjcbvtwzalylmwycqsirlf/Build/Intermediates.noindex/axiom_shsat.build/Debug-iphonesimulator/axiom_shsat.build/axiom_shsat-project-headers.hmap -Xcc -I/Users/imran/Library/Developer/Xcode/DerivedData/axiom_shsat-ewavnqtjcbvtwzalylmwycqsirlf/Build/Products/Debug-iphonesimulator/include -Xcc -I/Users/imran/Library/Developer/Xcode/DerivedData/axiom_shsat-ewavnqtjcbvtwzalylmwycqsirlf/Build/Intermediates.noindex/axiom_shsat.build/Debug-iphonesimulator/axiom_shsat.build/DerivedSources-normal/arm64 -Xcc -I/Users/imran/Library/Developer/Xcode/DerivedData/axiom_shsat-ewavnqtjcbvtwzalylmwycqsirlf/Build/Intermediates.noindex/axiom_shsat.build/Debug-iphonesimulator/axiom_shsat.build/DerivedSources/arm64 -Xcc -I/Users/imran/Library/Developer/Xcode/DerivedData/axiom_shsat-ewavnqtjcbvtwzalylmwycqsirlf/Build/Intermediates.noindex/axiom_shsat.build/Debug-iphonesimulator/axiom_shsat.build/DerivedSources -Xcc -DDEBUG\=1 -module-name axiom_shsat -frontend-parseable-output -disable-clang-spi -target-sdk-version 18.2 -target-sdk-name iphonesimulator18.2 -external-plugin-path /Applications/Xcode.app/Contents/Developer/Platforms/iPhoneOS.platform/Developer/usr/lib/swift/host/plugins\#/Applications/Xcode.app/Contents/Developer/Platforms/iPhoneOS.platform/Developer/usr/bin/swift-plugin-server -external-plugin-path /Applications/Xcode.app/Contents/Developer/Platforms/iPhoneOS.platform/Developer/usr/local/lib/swift/host/plugins\#/Applications/Xcode.app/Contents/Developer/Platforms/iPhoneOS.platform/Developer/usr/bin/swift-plugin-server -plugin-path /Applications/Xcode.app/Contents/Developer/Toolchains/XcodeDefault.xctoolchain/usr/lib/swift/host/plugins -plugin-path /Applications/Xcode.app/Contents/Developer/Toolchains/XcodeDefault.xctoolchain/usr/local/lib/swift/host/plugins -o /Users/imran/Library/Developer/Xcode/DerivedData/axiom_shsat-ewavnqtjcbvtwzalylmwycqsirlf/Build/Intermediates.noindex/axiom_shsat.build/Debug-iphonesimulator/axiom_shsat.build/Objects-normal/arm64/QuestionService.o -o /Users/imran/Library/Developer/Xcode/DerivedData/axiom_shsat-ewavnqtjcbvtwzalylmwycqsirlf/Build/Intermediates.noindex/axiom_shsat.build/Debug-iphonesimulator/axiom_shsat.build/Objects-normal/arm64/ColorExtensions.o -o /Users/imran/Library/Developer/Xcode/DerivedData/axiom_shsat-ewavnqtjcbvtwzalylmwycqsirlf/Build/Intermediates.noindex/axiom_shsat.build/Debug-iphonesimulator/axiom_shsat.build/Objects-normal/arm64/DateExtensions.o -o /Users/imran/Library/Developer/Xcode/DerivedData/axiom_shsat-ewavnqtjcbvtwzalylmwycqsirlf/Build/Intermediates.noindex/axiom_shsat.build/Debug-iphonesimulator/axiom_shsat.build/Objects-normal/arm64/ErrorHandler.o -o /Users/imran/Library/Developer/Xcode/DerivedData/axiom_shsat-ewavnqtjcbvtwzalylmwycqsirlf/Build/Intermediates.noindex/axiom_shsat.build/Debug-iphonesimulator/axiom_shsat.build/Objects-normal/arm64/MathFormatter.o -index-unit-output-path /axiom_shsat.build/Debug-iphonesimulator/axiom_shsat.build/Objects-normal/arm64/QuestionService.o -index-unit-output-path /axiom_shsat.build/Debug-iphonesimulator/axiom_shsat.build/Objects-normal/arm64/ColorExtensions.o -index-unit-output-path /axiom_shsat.build/Debug-iphonesimulator/axiom_shsat.build/Objects-normal/arm64/DateExtensions.o -index-unit-output-path /axiom_shsat.build/Debug-iphonesimulator/axiom_shsat.build/Objects-normal/arm64/ErrorHandler.o -index-unit-output-path /axiom_shsat.build/Debug-iphonesimulator/axiom_shsat.build/Objects-normal/arm64/MathFormatter.o -index-store-path /Users/imran/Library/Developer/Xcode/DerivedData/axiom_shsat-ewavnqtjcbvtwzalylmwycqsirlf/Index.noindex/DataStore -index-system-modules

/Users/imran/GitRepos/axiom_shsat/axiom_shsat/Utilities/Extensions/DateExtensions.swift:229:13: warning: initialization of immutable value 'weekdayOrdinal' was never used; consider replacing with assignment to '_' or removing it
        let weekdayOrdinal = calendar.component(.weekdayOrdinal, from: self)
        ~~~~^~~~~~~~~~~~~~
        _
/Users/imran/GitRepos/axiom_shsat/axiom_shsat/Utilities/Extensions/DateExtensions.swift:245:73: error: cannot convert value of type 'ClosedRange<Int>' to expected argument type 'Range<Int>'
        let range = calendar.range(of: .day, in: .month, for: self) ?? 1...30
                                                                        ^

/Users/imran/GitRepos/axiom_shsat/axiom_shsat/Utilities/Extensions/DateExtensions.swift:245:73: Cannot convert value of type 'ClosedRange<Int>' to expected argument type 'Range<Int>'

SwiftCompile normal arm64 /Users/imran/GitRepos/axiom_shsat/axiom_shsat/Utilities/Helpers/ErrorHandler.swift (in target 'axiom_shsat' from project 'axiom_shsat')
    cd /Users/imran/GitRepos/axiom_shsat
    /Applications/Xcode.app/Contents/Developer/Toolchains/XcodeDefault.xctoolchain/usr/bin/swift-frontend -c /Users/imran/GitRepos/axiom_shsat/axiom_shsat/App/AppDelegate.swift /Users/imran/GitRepos/axiom_shsat/axiom_shsat/App/SHSAT_PrepperApp.swift /Users/imran/GitRepos/axiom_shsat/axiom_shsat/Models/Question.swift /Users/imran/GitRepos/axiom_shsat/axiom_shsat/Models/QuestionResponse.swift /Users/imran/GitRepos/axiom_shsat/axiom_shsat/Models/TestSession.swift /Users/imran/GitRepos/axiom_shsat/axiom_shsat/Models/TopicProgress.swift /Users/imran/GitRepos/axiom_shsat/axiom_shsat/Models/UserProfile.swift /Users/imran/GitRepos/axiom_shsat/axiom_shsat/Services/AnalyticsService.swift /Users/imran/GitRepos/axiom_shsat/axiom_shsat/Services/AuthenticationService.swift /Users/imran/GitRepos/axiom_shsat/axiom_shsat/Services/CloudKitService.swift -primary-file /Users/imran/GitRepos/axiom_shsat/axiom_shsat/Services/QuestionService.swift -primary-file /Users/imran/GitRepos/axiom_shsat/axiom_shsat/Utilities/Extensions/ColorExtensions.swift -primary-file /Users/imran/GitRepos/axiom_shsat/axiom_shsat/Utilities/Extensions/DateExtensions.swift -primary-file /Users/imran/GitRepos/axiom_shsat/axiom_shsat/Utilities/Helpers/ErrorHandler.swift -primary-file /Users/imran/GitRepos/axiom_shsat/axiom_shsat/Utilities/Helpers/MathFormatter.swift /Users/imran/GitRepos/axiom_shsat/axiom_shsat/ViewModels/Analytics/PerformanceChartView.swift /Users/imran/GitRepos/axiom_shsat/axiom_shsat/ViewModels/Analytics/ProgressView.swift /Users/imran/GitRepos/axiom_shsat/axiom_shsat/ViewModels/Analytics/TopicBreakdownView.swift /Users/imran/GitRepos/axiom_shsat/axiom_shsat/ViewModels/AuthViewModel.swift /Users/imran/GitRepos/axiom_shsat/axiom_shsat/ViewModels/HomeViewModel.swift /Users/imran/GitRepos/axiom_shsat/axiom_shsat/ViewModels/ProfileViewModel.swift /Users/imran/GitRepos/axiom_shsat/axiom_shsat/ViewModels/ProgressViewModel.swift /Users/imran/GitRepos/axiom_shsat/axiom_shsat/ViewModels/TestSessionViewModel.swift /Users/imran/GitRepos/axiom_shsat/axiom_shsat/Views/Authentication/AuthenticationView.swift /Users/imran/GitRepos/axiom_shsat/axiom_shsat/Views/Authentication/SignInWithAppleButton.swift /Users/imran/GitRepos/axiom_shsat/axiom_shsat/Views/Components/ActionButton.swift /Users/imran/GitRepos/axiom_shsat/axiom_shsat/Views/Components/CircularProgressView.swift /Users/imran/GitRepos/axiom_shsat/axiom_shsat/Views/Components/MathView.swift /Users/imran/GitRepos/axiom_shsat/axiom_shsat/Views/Home/DashboardView.swift /Users/imran/GitRepos/axiom_shsat/axiom_shsat/Views/Home/HomeView.swift /Users/imran/GitRepos/axiom_shsat/axiom_shsat/Views/Home/RecommendationRow.swift /Users/imran/GitRepos/axiom_shsat/axiom_shsat/Views/Practice/QuestionView.swift /Users/imran/GitRepos/axiom_shsat/axiom_shsat/Views/Practice/TestConfigurationView.swift /Users/imran/GitRepos/axiom_shsat/axiom_shsat/Views/Practice/TestResultsView.swift /Users/imran/GitRepos/axiom_shsat/axiom_shsat/Views/Practice/TestSessionView.swift /Users/imran/GitRepos/axiom_shsat/axiom_shsat/Views/Profile/ProfileView.swift /Users/imran/Library/Developer/Xcode/DerivedData/axiom_shsat-ewavnqtjcbvtwzalylmwycqsirlf/Build/Intermediates.noindex/axiom_shsat.build/Debug-iphonesimulator/axiom_shsat.build/DerivedSources/GeneratedAssetSymbols.swift -supplementary-output-file-map /Users/imran/Library/Developer/Xcode/DerivedData/axiom_shsat-ewavnqtjcbvtwzalylmwycqsirlf/Build/Intermediates.noindex/axiom_shsat.build/Debug-iphonesimulator/axiom_shsat.build/Objects-normal/arm64/supplementaryOutputs-3 -emit-localized-strings -emit-localized-strings-path /Users/imran/Library/Developer/Xcode/DerivedData/axiom_shsat-ewavnqtjcbvtwzalylmwycqsirlf/Build/Intermediates.noindex/axiom_shsat.build/Debug-iphonesimulator/axiom_shsat.build/Objects-normal/arm64 -target arm64-apple-ios18.2-simulator -Xllvm -aarch64-use-tbi -enable-objc-interop -sdk /Applications/Xcode.app/Contents/Developer/Platforms/iPhoneSimulator.platform/Developer/SDKs/iPhoneSimulator18.2.sdk -I /Users/imran/Library/Developer/Xcode/DerivedData/axiom_shsat-ewavnqtjcbvtwzalylmwycqsirlf/Build/Products/Debug-iphonesimulator -F /Users/imran/Library/Developer/Xcode/DerivedData/axiom_shsat-ewavnqtjcbvtwzalylmwycqsirlf/Build/Products/Debug-iphonesimulator/PackageFrameworks -F /Users/imran/Library/Developer/Xcode/DerivedData/axiom_shsat-ewavnqtjcbvtwzalylmwycqsirlf/Build/Products/Debug-iphonesimulator -no-color-diagnostics -enable-testing -g -debug-info-format\=dwarf -dwarf-version\=5 -module-cache-path /Users/imran/Library/Developer/Xcode/DerivedData/ModuleCache.noindex -swift-version 5 -enforce-exclusivity\=checked -Onone -D DEBUG -serialize-debugging-options -const-gather-protocols-file /Users/imran/Library/Developer/Xcode/DerivedData/axiom_shsat-ewavnqtjcbvtwzalylmwycqsirlf/Build/Intermediates.noindex/axiom_shsat.build/Debug-iphonesimulator/axiom_shsat.build/Objects-normal/arm64/axiom_shsat_const_extract_protocols.json -enable-experimental-feature DebugDescriptionMacro -enable-experimental-feature OpaqueTypeErasure -enable-bare-slash-regex -empty-abi-descriptor -validate-clang-modules-once -clang-build-session-file /Users/imran/Library/Developer/Xcode/DerivedData/ModuleCache.noindex/Session.modulevalidation -Xcc -working-directory -Xcc /Users/imran/GitRepos/axiom_shsat -resource-dir /Applications/Xcode.app/Contents/Developer/Toolchains/XcodeDefault.xctoolchain/usr/lib/swift -enable-anonymous-context-mangled-names -file-compilation-dir /Users/imran/GitRepos/axiom_shsat -Xcc -D_LIBCPP_HARDENING_MODE\=_LIBCPP_HARDENING_MODE_DEBUG -Xcc -ivfsstatcache -Xcc /Users/imran/Library/Developer/Xcode/DerivedData/SDKStatCaches.noindex/iphonesimulator18.2-22C146-07b28473f605e47e75261259d3ef3b5a.sdkstatcache -Xcc -I/Users/imran/Library/Developer/Xcode/DerivedData/axiom_shsat-ewavnqtjcbvtwzalylmwycqsirlf/Build/Intermediates.noindex/axiom_shsat.build/Debug-iphonesimulator/axiom_shsat.build/swift-overrides.hmap -Xcc -iquote -Xcc /Users/imran/Library/Developer/Xcode/DerivedData/axiom_shsat-ewavnqtjcbvtwzalylmwycqsirlf/Build/Intermediates.noindex/axiom_shsat.build/Debug-iphonesimulator/axiom_shsat.build/axiom_shsat-generated-files.hmap -Xcc -I/Users/imran/Library/Developer/Xcode/DerivedData/axiom_shsat-ewavnqtjcbvtwzalylmwycqsirlf/Build/Intermediates.noindex/axiom_shsat.build/Debug-iphonesimulator/axiom_shsat.build/axiom_shsat-own-target-headers.hmap -Xcc -I/Users/imran/Library/Developer/Xcode/DerivedData/axiom_shsat-ewavnqtjcbvtwzalylmwycqsirlf/Build/Intermediates.noindex/axiom_shsat.build/Debug-iphonesimulator/axiom_shsat.build/axiom_shsat-all-non-framework-target-headers.hmap -Xcc -ivfsoverlay -Xcc /Users/imran/Library/Developer/Xcode/DerivedData/axiom_shsat-ewavnqtjcbvtwzalylmwycqsirlf/Build/Intermediates.noindex/axiom_shsat.build/Debug-iphonesimulator/axiom_shsat-751118db650c7a11cc97f55353d0f766-VFS-iphonesimulator/all-product-headers.yaml -Xcc -iquote -Xcc /Users/imran/Library/Developer/Xcode/DerivedData/axiom_shsat-ewavnqtjcbvtwzalylmwycqsirlf/Build/Intermediates.noindex/axiom_shsat.build/Debug-iphonesimulator/axiom_shsat.build/axiom_shsat-project-headers.hmap -Xcc -I/Users/imran/Library/Developer/Xcode/DerivedData/axiom_shsat-ewavnqtjcbvtwzalylmwycqsirlf/Build/Products/Debug-iphonesimulator/include -Xcc -I/Users/imran/Library/Developer/Xcode/DerivedData/axiom_shsat-ewavnqtjcbvtwzalylmwycqsirlf/Build/Intermediates.noindex/axiom_shsat.build/Debug-iphonesimulator/axiom_shsat.build/DerivedSources-normal/arm64 -Xcc -I/Users/imran/Library/Developer/Xcode/DerivedData/axiom_shsat-ewavnqtjcbvtwzalylmwycqsirlf/Build/Intermediates.noindex/axiom_shsat.build/Debug-iphonesimulator/axiom_shsat.build/DerivedSources/arm64 -Xcc -I/Users/imran/Library/Developer/Xcode/DerivedData/axiom_shsat-ewavnqtjcbvtwzalylmwycqsirlf/Build/Intermediates.noindex/axiom_shsat.build/Debug-iphonesimulator/axiom_shsat.build/DerivedSources -Xcc -DDEBUG\=1 -module-name axiom_shsat -frontend-parseable-output -disable-clang-spi -target-sdk-version 18.2 -target-sdk-name iphonesimulator18.2 -external-plugin-path /Applications/Xcode.app/Contents/Developer/Platforms/iPhoneOS.platform/Developer/usr/lib/swift/host/plugins\#/Applications/Xcode.app/Contents/Developer/Platforms/iPhoneOS.platform/Developer/usr/bin/swift-plugin-server -external-plugin-path /Applications/Xcode.app/Contents/Developer/Platforms/iPhoneOS.platform/Developer/usr/local/lib/swift/host/plugins\#/Applications/Xcode.app/Contents/Developer/Platforms/iPhoneOS.platform/Developer/usr/bin/swift-plugin-server -plugin-path /Applications/Xcode.app/Contents/Developer/Toolchains/XcodeDefault.xctoolchain/usr/lib/swift/host/plugins -plugin-path /Applications/Xcode.app/Contents/Developer/Toolchains/XcodeDefault.xctoolchain/usr/local/lib/swift/host/plugins -o /Users/imran/Library/Developer/Xcode/DerivedData/axiom_shsat-ewavnqtjcbvtwzalylmwycqsirlf/Build/Intermediates.noindex/axiom_shsat.build/Debug-iphonesimulator/axiom_shsat.build/Objects-normal/arm64/QuestionService.o -o /Users/imran/Library/Developer/Xcode/DerivedData/axiom_shsat-ewavnqtjcbvtwzalylmwycqsirlf/Build/Intermediates.noindex/axiom_shsat.build/Debug-iphonesimulator/axiom_shsat.build/Objects-normal/arm64/ColorExtensions.o -o /Users/imran/Library/Developer/Xcode/DerivedData/axiom_shsat-ewavnqtjcbvtwzalylmwycqsirlf/Build/Intermediates.noindex/axiom_shsat.build/Debug-iphonesimulator/axiom_shsat.build/Objects-normal/arm64/DateExtensions.o -o /Users/imran/Library/Developer/Xcode/DerivedData/axiom_shsat-ewavnqtjcbvtwzalylmwycqsirlf/Build/Intermediates.noindex/axiom_shsat.build/Debug-iphonesimulator/axiom_shsat.build/Objects-normal/arm64/ErrorHandler.o -o /Users/imran/Library/Developer/Xcode/DerivedData/axiom_shsat-ewavnqtjcbvtwzalylmwycqsirlf/Build/Intermediates.noindex/axiom_shsat.build/Debug-iphonesimulator/axiom_shsat.build/Objects-normal/arm64/MathFormatter.o -index-unit-output-path /axiom_shsat.build/Debug-iphonesimulator/axiom_shsat.build/Objects-normal/arm64/QuestionService.o -index-unit-output-path /axiom_shsat.build/Debug-iphonesimulator/axiom_shsat.build/Objects-normal/arm64/ColorExtensions.o -index-unit-output-path /axiom_shsat.build/Debug-iphonesimulator/axiom_shsat.build/Objects-normal/arm64/DateExtensions.o -index-unit-output-path /axiom_shsat.build/Debug-iphonesimulator/axiom_shsat.build/Objects-normal/arm64/ErrorHandler.o -index-unit-output-path /axiom_shsat.build/Debug-iphonesimulator/axiom_shsat.build/Objects-normal/arm64/MathFormatter.o -index-store-path /Users/imran/Library/Developer/Xcode/DerivedData/axiom_shsat-ewavnqtjcbvtwzalylmwycqsirlf/Index.noindex/DataStore -index-system-modules

/Users/imran/GitRepos/axiom_shsat/axiom_shsat/Utilities/Helpers/ErrorHandler.swift:246:14: error: referencing instance method 'onChange(of:initial:_:)' on 'Optional' requires that 'AppError' conform to 'Equatable'
            .onChange(of: errorHandler.currentError) { _, newError in
             ^
Swift.Optional:1:11: note: requirement from conditional conformance of 'AppError?' to 'Equatable'
extension Optional : Equatable where Wrapped : Equatable {
          ^
/Users/imran/GitRepos/axiom_shsat/axiom_shsat/Utilities/Helpers/ErrorHandler.swift:271:14: error: referencing instance method 'onChange(of:initial:_:)' on 'Optional' requires that 'AppError' conform to 'Equatable'
            .onChange(of: errorHandler.currentError) { _, newError in
             ^
Swift.Optional:1:11: note: requirement from conditional conformance of 'AppError?' to 'Equatable'
extension Optional : Equatable where Wrapped : Equatable {
          ^
/Users/imran/GitRepos/axiom_shsat/axiom_shsat/Utilities/Helpers/ErrorHandler.swift:339:13: warning: result of call to 'throwingFunction()' is unused
        try throwingFunction()
            ^               ~~
/Users/imran/GitRepos/axiom_shsat/axiom_shsat/Utilities/Helpers/ErrorHandler.swift:354:10: warning: result of call to 'onFailure' is unused
        .onFailure { error in
         ^         ~~~~~~~~~~

/Users/imran/GitRepos/axiom_shsat/axiom_shsat/Utilities/Helpers/ErrorHandler.swift:246:14: Referencing instance method 'onChange(of:initial:_:)' on 'Optional' requires that 'AppError' conform to 'Equatable'

/Users/imran/GitRepos/axiom_shsat/axiom_shsat/Utilities/Helpers/ErrorHandler.swift:271:14: Referencing instance method 'onChange(of:initial:_:)' on 'Optional' requires that 'AppError' conform to 'Equatable'

SwiftCompile normal arm64 /Users/imran/GitRepos/axiom_shsat/axiom_shsat/Utilities/Helpers/MathFormatter.swift (in target 'axiom_shsat' from project 'axiom_shsat')
    cd /Users/imran/GitRepos/axiom_shsat
    /Applications/Xcode.app/Contents/Developer/Toolchains/XcodeDefault.xctoolchain/usr/bin/swift-frontend -c /Users/imran/GitRepos/axiom_shsat/axiom_shsat/App/AppDelegate.swift /Users/imran/GitRepos/axiom_shsat/axiom_shsat/App/SHSAT_PrepperApp.swift /Users/imran/GitRepos/axiom_shsat/axiom_shsat/Models/Question.swift /Users/imran/GitRepos/axiom_shsat/axiom_shsat/Models/QuestionResponse.swift /Users/imran/GitRepos/axiom_shsat/axiom_shsat/Models/TestSession.swift /Users/imran/GitRepos/axiom_shsat/axiom_shsat/Models/TopicProgress.swift /Users/imran/GitRepos/axiom_shsat/axiom_shsat/Models/UserProfile.swift /Users/imran/GitRepos/axiom_shsat/axiom_shsat/Services/AnalyticsService.swift /Users/imran/GitRepos/axiom_shsat/axiom_shsat/Services/AuthenticationService.swift /Users/imran/GitRepos/axiom_shsat/axiom_shsat/Services/CloudKitService.swift -primary-file /Users/imran/GitRepos/axiom_shsat/axiom_shsat/Services/QuestionService.swift -primary-file /Users/imran/GitRepos/axiom_shsat/axiom_shsat/Utilities/Extensions/ColorExtensions.swift -primary-file /Users/imran/GitRepos/axiom_shsat/axiom_shsat/Utilities/Extensions/DateExtensions.swift -primary-file /Users/imran/GitRepos/axiom_shsat/axiom_shsat/Utilities/Helpers/ErrorHandler.swift -primary-file /Users/imran/GitRepos/axiom_shsat/axiom_shsat/Utilities/Helpers/MathFormatter.swift /Users/imran/GitRepos/axiom_shsat/axiom_shsat/ViewModels/Analytics/PerformanceChartView.swift /Users/imran/GitRepos/axiom_shsat/axiom_shsat/ViewModels/Analytics/ProgressView.swift /Users/imran/GitRepos/axiom_shsat/axiom_shsat/ViewModels/Analytics/TopicBreakdownView.swift /Users/imran/GitRepos/axiom_shsat/axiom_shsat/ViewModels/AuthViewModel.swift /Users/imran/GitRepos/axiom_shsat/axiom_shsat/ViewModels/HomeViewModel.swift /Users/imran/GitRepos/axiom_shsat/axiom_shsat/ViewModels/ProfileViewModel.swift /Users/imran/GitRepos/axiom_shsat/axiom_shsat/ViewModels/ProgressViewModel.swift /Users/imran/GitRepos/axiom_shsat/axiom_shsat/ViewModels/TestSessionViewModel.swift /Users/imran/GitRepos/axiom_shsat/axiom_shsat/Views/Authentication/AuthenticationView.swift /Users/imran/GitRepos/axiom_shsat/axiom_shsat/Views/Authentication/SignInWithAppleButton.swift /Users/imran/GitRepos/axiom_shsat/axiom_shsat/Views/Components/ActionButton.swift /Users/imran/GitRepos/axiom_shsat/axiom_shsat/Views/Components/CircularProgressView.swift /Users/imran/GitRepos/axiom_shsat/axiom_shsat/Views/Components/MathView.swift /Users/imran/GitRepos/axiom_shsat/axiom_shsat/Views/Home/DashboardView.swift /Users/imran/GitRepos/axiom_shsat/axiom_shsat/Views/Home/HomeView.swift /Users/imran/GitRepos/axiom_shsat/axiom_shsat/Views/Home/RecommendationRow.swift /Users/imran/GitRepos/axiom_shsat/axiom_shsat/Views/Practice/QuestionView.swift /Users/imran/GitRepos/axiom_shsat/axiom_shsat/Views/Practice/TestConfigurationView.swift /Users/imran/GitRepos/axiom_shsat/axiom_shsat/Views/Practice/TestResultsView.swift /Users/imran/GitRepos/axiom_shsat/axiom_shsat/Views/Practice/TestSessionView.swift /Users/imran/GitRepos/axiom_shsat/axiom_shsat/Views/Profile/ProfileView.swift /Users/imran/Library/Developer/Xcode/DerivedData/axiom_shsat-ewavnqtjcbvtwzalylmwycqsirlf/Build/Intermediates.noindex/axiom_shsat.build/Debug-iphonesimulator/axiom_shsat.build/DerivedSources/GeneratedAssetSymbols.swift -supplementary-output-file-map /Users/imran/Library/Developer/Xcode/DerivedData/axiom_shsat-ewavnqtjcbvtwzalylmwycqsirlf/Build/Intermediates.noindex/axiom_shsat.build/Debug-iphonesimulator/axiom_shsat.build/Objects-normal/arm64/supplementaryOutputs-3 -emit-localized-strings -emit-localized-strings-path /Users/imran/Library/Developer/Xcode/DerivedData/axiom_shsat-ewavnqtjcbvtwzalylmwycqsirlf/Build/Intermediates.noindex/axiom_shsat.build/Debug-iphonesimulator/axiom_shsat.build/Objects-normal/arm64 -target arm64-apple-ios18.2-simulator -Xllvm -aarch64-use-tbi -enable-objc-interop -sdk /Applications/Xcode.app/Contents/Developer/Platforms/iPhoneSimulator.platform/Developer/SDKs/iPhoneSimulator18.2.sdk -I /Users/imran/Library/Developer/Xcode/DerivedData/axiom_shsat-ewavnqtjcbvtwzalylmwycqsirlf/Build/Products/Debug-iphonesimulator -F /Users/imran/Library/Developer/Xcode/DerivedData/axiom_shsat-ewavnqtjcbvtwzalylmwycqsirlf/Build/Products/Debug-iphonesimulator/PackageFrameworks -F /Users/imran/Library/Developer/Xcode/DerivedData/axiom_shsat-ewavnqtjcbvtwzalylmwycqsirlf/Build/Products/Debug-iphonesimulator -no-color-diagnostics -enable-testing -g -debug-info-format\=dwarf -dwarf-version\=5 -module-cache-path /Users/imran/Library/Developer/Xcode/DerivedData/ModuleCache.noindex -swift-version 5 -enforce-exclusivity\=checked -Onone -D DEBUG -serialize-debugging-options -const-gather-protocols-file /Users/imran/Library/Developer/Xcode/DerivedData/axiom_shsat-ewavnqtjcbvtwzalylmwycqsirlf/Build/Intermediates.noindex/axiom_shsat.build/Debug-iphonesimulator/axiom_shsat.build/Objects-normal/arm64/axiom_shsat_const_extract_protocols.json -enable-experimental-feature DebugDescriptionMacro -enable-experimental-feature OpaqueTypeErasure -enable-bare-slash-regex -empty-abi-descriptor -validate-clang-modules-once -clang-build-session-file /Users/imran/Library/Developer/Xcode/DerivedData/ModuleCache.noindex/Session.modulevalidation -Xcc -working-directory -Xcc /Users/imran/GitRepos/axiom_shsat -resource-dir /Applications/Xcode.app/Contents/Developer/Toolchains/XcodeDefault.xctoolchain/usr/lib/swift -enable-anonymous-context-mangled-names -file-compilation-dir /Users/imran/GitRepos/axiom_shsat -Xcc -D_LIBCPP_HARDENING_MODE\=_LIBCPP_HARDENING_MODE_DEBUG -Xcc -ivfsstatcache -Xcc /Users/imran/Library/Developer/Xcode/DerivedData/SDKStatCaches.noindex/iphonesimulator18.2-22C146-07b28473f605e47e75261259d3ef3b5a.sdkstatcache -Xcc -I/Users/imran/Library/Developer/Xcode/DerivedData/axiom_shsat-ewavnqtjcbvtwzalylmwycqsirlf/Build/Intermediates.noindex/axiom_shsat.build/Debug-iphonesimulator/axiom_shsat.build/swift-overrides.hmap -Xcc -iquote -Xcc /Users/imran/Library/Developer/Xcode/DerivedData/axiom_shsat-ewavnqtjcbvtwzalylmwycqsirlf/Build/Intermediates.noindex/axiom_shsat.build/Debug-iphonesimulator/axiom_shsat.build/axiom_shsat-generated-files.hmap -Xcc -I/Users/imran/Library/Developer/Xcode/DerivedData/axiom_shsat-ewavnqtjcbvtwzalylmwycqsirlf/Build/Intermediates.noindex/axiom_shsat.build/Debug-iphonesimulator/axiom_shsat.build/axiom_shsat-own-target-headers.hmap -Xcc -I/Users/imran/Library/Developer/Xcode/DerivedData/axiom_shsat-ewavnqtjcbvtwzalylmwycqsirlf/Build/Intermediates.noindex/axiom_shsat.build/Debug-iphonesimulator/axiom_shsat.build/axiom_shsat-all-non-framework-target-headers.hmap -Xcc -ivfsoverlay -Xcc /Users/imran/Library/Developer/Xcode/DerivedData/axiom_shsat-ewavnqtjcbvtwzalylmwycqsirlf/Build/Intermediates.noindex/axiom_shsat.build/Debug-iphonesimulator/axiom_shsat-751118db650c7a11cc97f55353d0f766-VFS-iphonesimulator/all-product-headers.yaml -Xcc -iquote -Xcc /Users/imran/Library/Developer/Xcode/DerivedData/axiom_shsat-ewavnqtjcbvtwzalylmwycqsirlf/Build/Intermediates.noindex/axiom_shsat.build/Debug-iphonesimulator/axiom_shsat.build/axiom_shsat-project-headers.hmap -Xcc -I/Users/imran/Library/Developer/Xcode/DerivedData/axiom_shsat-ewavnqtjcbvtwzalylmwycqsirlf/Build/Products/Debug-iphonesimulator/include -Xcc -I/Users/imran/Library/Developer/Xcode/DerivedData/axiom_shsat-ewavnqtjcbvtwzalylmwycqsirlf/Build/Intermediates.noindex/axiom_shsat.build/Debug-iphonesimulator/axiom_shsat.build/DerivedSources-normal/arm64 -Xcc -I/Users/imran/Library/Developer/Xcode/DerivedData/axiom_shsat-ewavnqtjcbvtwzalylmwycqsirlf/Build/Intermediates.noindex/axiom_shsat.build/Debug-iphonesimulator/axiom_shsat.build/DerivedSources/arm64 -Xcc -I/Users/imran/Library/Developer/Xcode/DerivedData/axiom_shsat-ewavnqtjcbvtwzalylmwycqsirlf/Build/Intermediates.noindex/axiom_shsat.build/Debug-iphonesimulator/axiom_shsat.build/DerivedSources -Xcc -DDEBUG\=1 -module-name axiom_shsat -frontend-parseable-output -disable-clang-spi -target-sdk-version 18.2 -target-sdk-name iphonesimulator18.2 -external-plugin-path /Applications/Xcode.app/Contents/Developer/Platforms/iPhoneOS.platform/Developer/usr/lib/swift/host/plugins\#/Applications/Xcode.app/Contents/Developer/Platforms/iPhoneOS.platform/Developer/usr/bin/swift-plugin-server -external-plugin-path /Applications/Xcode.app/Contents/Developer/Platforms/iPhoneOS.platform/Developer/usr/local/lib/swift/host/plugins\#/Applications/Xcode.app/Contents/Developer/Platforms/iPhoneOS.platform/Developer/usr/bin/swift-plugin-server -plugin-path /Applications/Xcode.app/Contents/Developer/Toolchains/XcodeDefault.xctoolchain/usr/lib/swift/host/plugins -plugin-path /Applications/Xcode.app/Contents/Developer/Toolchains/XcodeDefault.xctoolchain/usr/local/lib/swift/host/plugins -o /Users/imran/Library/Developer/Xcode/DerivedData/axiom_shsat-ewavnqtjcbvtwzalylmwycqsirlf/Build/Intermediates.noindex/axiom_shsat.build/Debug-iphonesimulator/axiom_shsat.build/Objects-normal/arm64/QuestionService.o -o /Users/imran/Library/Developer/Xcode/DerivedData/axiom_shsat-ewavnqtjcbvtwzalylmwycqsirlf/Build/Intermediates.noindex/axiom_shsat.build/Debug-iphonesimulator/axiom_shsat.build/Objects-normal/arm64/ColorExtensions.o -o /Users/imran/Library/Developer/Xcode/DerivedData/axiom_shsat-ewavnqtjcbvtwzalylmwycqsirlf/Build/Intermediates.noindex/axiom_shsat.build/Debug-iphonesimulator/axiom_shsat.build/Objects-normal/arm64/DateExtensions.o -o /Users/imran/Library/Developer/Xcode/DerivedData/axiom_shsat-ewavnqtjcbvtwzalylmwycqsirlf/Build/Intermediates.noindex/axiom_shsat.build/Debug-iphonesimulator/axiom_shsat.build/Objects-normal/arm64/ErrorHandler.o -o /Users/imran/Library/Developer/Xcode/DerivedData/axiom_shsat-ewavnqtjcbvtwzalylmwycqsirlf/Build/Intermediates.noindex/axiom_shsat.build/Debug-iphonesimulator/axiom_shsat.build/Objects-normal/arm64/MathFormatter.o -index-unit-output-path /axiom_shsat.build/Debug-iphonesimulator/axiom_shsat.build/Objects-normal/arm64/QuestionService.o -index-unit-output-path /axiom_shsat.build/Debug-iphonesimulator/axiom_shsat.build/Objects-normal/arm64/ColorExtensions.o -index-unit-output-path /axiom_shsat.build/Debug-iphonesimulator/axiom_shsat.build/Objects-normal/arm64/DateExtensions.o -index-unit-output-path /axiom_shsat.build/Debug-iphonesimulator/axiom_shsat.build/Objects-normal/arm64/ErrorHandler.o -index-unit-output-path /axiom_shsat.build/Debug-iphonesimulator/axiom_shsat.build/Objects-normal/arm64/MathFormatter.o -index-store-path /Users/imran/Library/Developer/Xcode/DerivedData/axiom_shsat-ewavnqtjcbvtwzalylmwycqsirlf/Index.noindex/DataStore -index-system-modules

/Users/imran/GitRepos/axiom_shsat/axiom_shsat/Utilities/Helpers/MathFormatter.swift:287:121: error: cannot convert value of type 'NSRange' (aka '_NSRange') to expected argument type 'Range<String.Index>?'
                    result = result.replacingOccurrences(of: match.string, with: asciiMathFraction, options: [], range: nsRange)
                                                                                                                        ^
/Users/imran/GitRepos/axiom_shsat/axiom_shsat/Utilities/Helpers/MathFormatter.swift:287:68: error: value of type 'NSTextCheckingResult' has no member 'string'
                    result = result.replacingOccurrences(of: match.string, with: asciiMathFraction, options: [], range: nsRange)
                                                             ~~~~~ ^~~~~~
/Users/imran/GitRepos/axiom_shsat/axiom_shsat/Utilities/Helpers/MathFormatter.swift:343:121: error: cannot convert value of type 'NSRange' (aka '_NSRange') to expected argument type 'Range<String.Index>?'
                    result = result.replacingOccurrences(of: match.string, with: plainTextFraction, options: [], range: nsRange)
                                                                                                                        ^
/Users/imran/GitRepos/axiom_shsat/axiom_shsat/Utilities/Helpers/MathFormatter.swift:343:68: error: value of type 'NSTextCheckingResult' has no member 'string'
                    result = result.replacingOccurrences(of: match.string, with: plainTextFraction, options: [], range: nsRange)
                                                             ~~~~~ ^~~~~~

/Users/imran/GitRepos/axiom_shsat/axiom_shsat/Utilities/Helpers/MathFormatter.swift:287:121: Cannot convert value of type 'NSRange' (aka '_NSRange') to expected argument type 'Range<String.Index>?'

/Users/imran/GitRepos/axiom_shsat/axiom_shsat/Utilities/Helpers/MathFormatter.swift:287:68: Value of type 'NSTextCheckingResult' has no member 'string'

/Users/imran/GitRepos/axiom_shsat/axiom_shsat/Utilities/Helpers/MathFormatter.swift:343:121: Cannot convert value of type 'NSRange' (aka '_NSRange') to expected argument type 'Range<String.Index>?'

/Users/imran/GitRepos/axiom_shsat/axiom_shsat/Utilities/Helpers/MathFormatter.swift:343:68: Value of type 'NSTextCheckingResult' has no member 'string'

SwiftCompile normal arm64 Compiling\ AppDelegate.swift,\ SHSAT_PrepperApp.swift,\ Question.swift,\ QuestionResponse.swift,\ TestSession.swift /Users/imran/GitRepos/axiom_shsat/axiom_shsat/App/AppDelegate.swift /Users/imran/GitRepos/axiom_shsat/axiom_shsat/App/SHSAT_PrepperApp.swift /Users/imran/GitRepos/axiom_shsat/axiom_shsat/Models/Question.swift /Users/imran/GitRepos/axiom_shsat/axiom_shsat/Models/QuestionResponse.swift /Users/imran/GitRepos/axiom_shsat/axiom_shsat/Models/TestSession.swift (in target 'axiom_shsat' from project 'axiom_shsat')
    cd /Users/imran/GitRepos/axiom_shsat
    builtin-swiftTaskExecution -- /Applications/Xcode.app/Contents/Developer/Toolchains/XcodeDefault.xctoolchain/usr/bin/swift-frontend -frontend -c -primary-file /Users/imran/GitRepos/axiom_shsat/axiom_shsat/App/AppDelegate.swift -primary-file /Users/imran/GitRepos/axiom_shsat/axiom_shsat/App/SHSAT_PrepperApp.swift -primary-file /Users/imran/GitRepos/axiom_shsat/axiom_shsat/Models/Question.swift -primary-file /Users/imran/GitRepos/axiom_shsat/axiom_shsat/Models/QuestionResponse.swift -primary-file /Users/imran/GitRepos/axiom_shsat/axiom_shsat/Models/TestSession.swift /Users/imran/GitRepos/axiom_shsat/axiom_shsat/Models/TopicProgress.swift /Users/imran/GitRepos/axiom_shsat/axiom_shsat/Models/UserProfile.swift /Users/imran/GitRepos/axiom_shsat/axiom_shsat/Services/AnalyticsService.swift /Users/imran/GitRepos/axiom_shsat/axiom_shsat/Services/AuthenticationService.swift /Users/imran/GitRepos/axiom_shsat/axiom_shsat/Services/CloudKitService.swift /Users/imran/GitRepos/axiom_shsat/axiom_shsat/Services/QuestionService.swift /Users/imran/GitRepos/axiom_shsat/axiom_shsat/Utilities/Extensions/ColorExtensions.swift /Users/imran/GitRepos/axiom_shsat/axiom_shsat/Utilities/Extensions/DateExtensions.swift /Users/imran/GitRepos/axiom_shsat/axiom_shsat/Utilities/Helpers/ErrorHandler.swift /Users/imran/GitRepos/axiom_shsat/axiom_shsat/Utilities/Helpers/MathFormatter.swift /Users/imran/GitRepos/axiom_shsat/axiom_shsat/ViewModels/Analytics/PerformanceChartView.swift /Users/imran/GitRepos/axiom_shsat/axiom_shsat/ViewModels/Analytics/ProgressView.swift /Users/imran/GitRepos/axiom_shsat/axiom_shsat/ViewModels/Analytics/TopicBreakdownView.swift /Users/imran/GitRepos/axiom_shsat/axiom_shsat/ViewModels/AuthViewModel.swift /Users/imran/GitRepos/axiom_shsat/axiom_shsat/ViewModels/HomeViewModel.swift /Users/imran/GitRepos/axiom_shsat/axiom_shsat/ViewModels/ProfileViewModel.swift /Users/imran/GitRepos/axiom_shsat/axiom_shsat/ViewModels/ProgressViewModel.swift /Users/imran/GitRepos/axiom_shsat/axiom_shsat/ViewModels/TestSessionViewModel.swift /Users/imran/GitRepos/axiom_shsat/axiom_shsat/Views/Authentication/AuthenticationView.swift /Users/imran/GitRepos/axiom_shsat/axiom_shsat/Views/Authentication/SignInWithAppleButton.swift /Users/imran/GitRepos/axiom_shsat/axiom_shsat/Views/Components/ActionButton.swift /Users/imran/GitRepos/axiom_shsat/axiom_shsat/Views/Components/CircularProgressView.swift /Users/imran/GitRepos/axiom_shsat/axiom_shsat/Views/Components/MathView.swift /Users/imran/GitRepos/axiom_shsat/axiom_shsat/Views/Home/DashboardView.swift /Users/imran/GitRepos/axiom_shsat/axiom_shsat/Views/Home/HomeView.swift /Users/imran/GitRepos/axiom_shsat/axiom_shsat/Views/Home/RecommendationRow.swift /Users/imran/GitRepos/axiom_shsat/axiom_shsat/Views/Practice/QuestionView.swift /Users/imran/GitRepos/axiom_shsat/axiom_shsat/Views/Practice/TestConfigurationView.swift /Users/imran/GitRepos/axiom_shsat/axiom_shsat/Views/Practice/TestResultsView.swift /Users/imran/GitRepos/axiom_shsat/axiom_shsat/Views/Practice/TestSessionView.swift /Users/imran/GitRepos/axiom_shsat/axiom_shsat/Views/Profile/ProfileView.swift /Users/imran/Library/Developer/Xcode/DerivedData/axiom_shsat-ewavnqtjcbvtwzalylmwycqsirlf/Build/Intermediates.noindex/axiom_shsat.build/Debug-iphonesimulator/axiom_shsat.build/DerivedSources/GeneratedAssetSymbols.swift -supplementary-output-file-map /Users/imran/Library/Developer/Xcode/DerivedData/axiom_shsat-ewavnqtjcbvtwzalylmwycqsirlf/Build/Intermediates.noindex/axiom_shsat.build/Debug-iphonesimulator/axiom_shsat.build/Objects-normal/arm64/supplementaryOutputs-1 -emit-localized-strings -emit-localized-strings-path /Users/imran/Library/Developer/Xcode/DerivedData/axiom_shsat-ewavnqtjcbvtwzalylmwycqsirlf/Build/Intermediates.noindex/axiom_shsat.build/Debug-iphonesimulator/axiom_shsat.build/Objects-normal/arm64 -target arm64-apple-ios18.2-simulator -Xllvm -aarch64-use-tbi -enable-objc-interop -sdk /Applications/Xcode.app/Contents/Developer/Platforms/iPhoneSimulator.platform/Developer/SDKs/iPhoneSimulator18.2.sdk -I /Users/imran/Library/Developer/Xcode/DerivedData/axiom_shsat-ewavnqtjcbvtwzalylmwycqsirlf/Build/Products/Debug-iphonesimulator -F /Users/imran/Library/Developer/Xcode/DerivedData/axiom_shsat-ewavnqtjcbvtwzalylmwycqsirlf/Build/Products/Debug-iphonesimulator/PackageFrameworks -F /Users/imran/Library/Developer/Xcode/DerivedData/axiom_shsat-ewavnqtjcbvtwzalylmwycqsirlf/Build/Products/Debug-iphonesimulator -no-color-diagnostics -enable-testing -g -debug-info-format\=dwarf -dwarf-version\=5 -module-cache-path /Users/imran/Library/Developer/Xcode/DerivedData/ModuleCache.noindex -swift-version 5 -enforce-exclusivity\=checked -Onone -D DEBUG -serialize-debugging-options -const-gather-protocols-file /Users/imran/Library/Developer/Xcode/DerivedData/axiom_shsat-ewavnqtjcbvtwzalylmwycqsirlf/Build/Intermediates.noindex/axiom_shsat.build/Debug-iphonesimulator/axiom_shsat.build/Objects-normal/arm64/axiom_shsat_const_extract_protocols.json -enable-experimental-feature DebugDescriptionMacro -enable-experimental-feature OpaqueTypeErasure -enable-bare-slash-regex -empty-abi-descriptor -validate-clang-modules-once -clang-build-session-file /Users/imran/Library/Developer/Xcode/DerivedData/ModuleCache.noindex/Session.modulevalidation -Xcc -working-directory -Xcc /Users/imran/GitRepos/axiom_shsat -resource-dir /Applications/Xcode.app/Contents/Developer/Toolchains/XcodeDefault.xctoolchain/usr/lib/swift -enable-anonymous-context-mangled-names -file-compilation-dir /Users/imran/GitRepos/axiom_shsat -Xcc -D_LIBCPP_HARDENING_MODE\=_LIBCPP_HARDENING_MODE_DEBUG -Xcc -ivfsstatcache -Xcc /Users/imran/Library/Developer/Xcode/DerivedData/SDKStatCaches.noindex/iphonesimulator18.2-22C146-07b28473f605e47e75261259d3ef3b5a.sdkstatcache -Xcc -I/Users/imran/Library/Developer/Xcode/DerivedData/axiom_shsat-ewavnqtjcbvtwzalylmwycqsirlf/Build/Intermediates.noindex/axiom_shsat.build/Debug-iphonesimulator/axiom_shsat.build/swift-overrides.hmap -Xcc -iquote -Xcc /Users/imran/Library/Developer/Xcode/DerivedData/axiom_shsat-ewavnqtjcbvtwzalylmwycqsirlf/Build/Intermediates.noindex/axiom_shsat.build/Debug-iphonesimulator/axiom_shsat.build/axiom_shsat-generated-files.hmap -Xcc -I/Users/imran/Library/Developer/Xcode/DerivedData/axiom_shsat-ewavnqtjcbvtwzalylmwycqsirlf/Build/Intermediates.noindex/axiom_shsat.build/Debug-iphonesimulator/axiom_shsat.build/axiom_shsat-own-target-headers.hmap -Xcc -I/Users/imran/Library/Developer/Xcode/DerivedData/axiom_shsat-ewavnqtjcbvtwzalylmwycqsirlf/Build/Intermediates.noindex/axiom_shsat.build/Debug-iphonesimulator/axiom_shsat.build/axiom_shsat-all-non-framework-target-headers.hmap -Xcc -ivfsoverlay -Xcc /Users/imran/Library/Developer/Xcode/DerivedData/axiom_shsat-ewavnqtjcbvtwzalylmwycqsirlf/Build/Intermediates.noindex/axiom_shsat.build/Debug-iphonesimulator/axiom_shsat-751118db650c7a11cc97f55353d0f766-VFS-iphonesimulator/all-product-headers.yaml -Xcc -iquote -Xcc /Users/imran/Library/Developer/Xcode/DerivedData/axiom_shsat-ewavnqtjcbvtwzalylmwycqsirlf/Build/Intermediates.noindex/axiom_shsat.build/Debug-iphonesimulator/axiom_shsat.build/axiom_shsat-project-headers.hmap -Xcc -I/Users/imran/Library/Developer/Xcode/DerivedData/axiom_shsat-ewavnqtjcbvtwzalylmwycqsirlf/Build/Products/Debug-iphonesimulator/include -Xcc -I/Users/imran/Library/Developer/Xcode/DerivedData/axiom_shsat-ewavnqtjcbvtwzalylmwycqsirlf/Build/Intermediates.noindex/axiom_shsat.build/Debug-iphonesimulator/axiom_shsat.build/DerivedSources-normal/arm64 -Xcc -I/Users/imran/Library/Developer/Xcode/DerivedData/axiom_shsat-ewavnqtjcbvtwzalylmwycqsirlf/Build/Intermediates.noindex/axiom_shsat.build/Debug-iphonesimulator/axiom_shsat.build/DerivedSources/arm64 -Xcc -I/Users/imran/Library/Developer/Xcode/DerivedData/axiom_shsat-ewavnqtjcbvtwzalylmwycqsirlf/Build/Intermediates.noindex/axiom_shsat.build/Debug-iphonesimulator/axiom_shsat.build/DerivedSources -Xcc -DDEBUG\=1 -module-name axiom_shsat -frontend-parseable-output -disable-clang-spi -target-sdk-version 18.2 -target-sdk-name iphonesimulator18.2 -external-plugin-path /Applications/Xcode.app/Contents/Developer/Platforms/iPhoneOS.platform/Developer/usr/lib/swift/host/plugins\#/Applications/Xcode.app/Contents/Developer/Platforms/iPhoneOS.platform/Developer/usr/bin/swift-plugin-server -external-plugin-path /Applications/Xcode.app/Contents/Developer/Platforms/iPhoneOS.platform/Developer/usr/local/lib/swift/host/plugins\#/Applications/Xcode.app/Contents/Developer/Platforms/iPhoneOS.platform/Developer/usr/bin/swift-plugin-server -plugin-path /Applications/Xcode.app/Contents/Developer/Toolchains/XcodeDefault.xctoolchain/usr/lib/swift/host/plugins -plugin-path /Applications/Xcode.app/Contents/Developer/Toolchains/XcodeDefault.xctoolchain/usr/local/lib/swift/host/plugins -o /Users/imran/Library/Developer/Xcode/DerivedData/axiom_shsat-ewavnqtjcbvtwzalylmwycqsirlf/Build/Intermediates.noindex/axiom_shsat.build/Debug-iphonesimulator/axiom_shsat.build/Objects-normal/arm64/AppDelegate.o -o /Users/imran/Library/Developer/Xcode/DerivedData/axiom_shsat-ewavnqtjcbvtwzalylmwycqsirlf/Build/Intermediates.noindex/axiom_shsat.build/Debug-iphonesimulator/axiom_shsat.build/Objects-normal/arm64/SHSAT_PrepperApp.o -o /Users/imran/Library/Developer/Xcode/DerivedData/axiom_shsat-ewavnqtjcbvtwzalylmwycqsirlf/Build/Intermediates.noindex/axiom_shsat.build/Debug-iphonesimulator/axiom_shsat.build/Objects-normal/arm64/Question.o -o /Users/imran/Library/Developer/Xcode/DerivedData/axiom_shsat-ewavnqtjcbvtwzalylmwycqsirlf/Build/Intermediates.noindex/axiom_shsat.build/Debug-iphonesimulator/axiom_shsat.build/Objects-normal/arm64/QuestionResponse.o -o /Users/imran/Library/Developer/Xcode/DerivedData/axiom_shsat-ewavnqtjcbvtwzalylmwycqsirlf/Build/Intermediates.noindex/axiom_shsat.build/Debug-iphonesimulator/axiom_shsat.build/Objects-normal/arm64/TestSession.o -index-unit-output-path /axiom_shsat.build/Debug-iphonesimulator/axiom_shsat.build/Objects-normal/arm64/AppDelegate.o -index-unit-output-path /axiom_shsat.build/Debug-iphonesimulator/axiom_shsat.build/Objects-normal/arm64/SHSAT_PrepperApp.o -index-unit-output-path /axiom_shsat.build/Debug-iphonesimulator/axiom_shsat.build/Objects-normal/arm64/Question.o -index-unit-output-path /axiom_shsat.build/Debug-iphonesimulator/axiom_shsat.build/Objects-normal/arm64/QuestionResponse.o -index-unit-output-path /axiom_shsat.build/Debug-iphonesimulator/axiom_shsat.build/Objects-normal/arm64/TestSession.o -index-store-path /Users/imran/Library/Developer/Xcode/DerivedData/axiom_shsat-ewavnqtjcbvtwzalylmwycqsirlf/Index.noindex/DataStore -index-system-modules

SwiftCompile normal arm64 /Users/imran/GitRepos/axiom_shsat/axiom_shsat/Models/TestSession.swift (in target 'axiom_shsat' from project 'axiom_shsat')
    cd /Users/imran/GitRepos/axiom_shsat
    /Applications/Xcode.app/Contents/Developer/Toolchains/XcodeDefault.xctoolchain/usr/bin/swift-frontend -c -primary-file /Users/imran/GitRepos/axiom_shsat/axiom_shsat/App/AppDelegate.swift -primary-file /Users/imran/GitRepos/axiom_shsat/axiom_shsat/App/SHSAT_PrepperApp.swift -primary-file /Users/imran/GitRepos/axiom_shsat/axiom_shsat/Models/Question.swift -primary-file /Users/imran/GitRepos/axiom_shsat/axiom_shsat/Models/QuestionResponse.swift -primary-file /Users/imran/GitRepos/axiom_shsat/axiom_shsat/Models/TestSession.swift /Users/imran/GitRepos/axiom_shsat/axiom_shsat/Models/TopicProgress.swift /Users/imran/GitRepos/axiom_shsat/axiom_shsat/Models/UserProfile.swift /Users/imran/GitRepos/axiom_shsat/axiom_shsat/Services/AnalyticsService.swift /Users/imran/GitRepos/axiom_shsat/axiom_shsat/Services/AuthenticationService.swift /Users/imran/GitRepos/axiom_shsat/axiom_shsat/Services/CloudKitService.swift /Users/imran/GitRepos/axiom_shsat/axiom_shsat/Services/QuestionService.swift /Users/imran/GitRepos/axiom_shsat/axiom_shsat/Utilities/Extensions/ColorExtensions.swift /Users/imran/GitRepos/axiom_shsat/axiom_shsat/Utilities/Extensions/DateExtensions.swift /Users/imran/GitRepos/axiom_shsat/axiom_shsat/Utilities/Helpers/ErrorHandler.swift /Users/imran/GitRepos/axiom_shsat/axiom_shsat/Utilities/Helpers/MathFormatter.swift /Users/imran/GitRepos/axiom_shsat/axiom_shsat/ViewModels/Analytics/PerformanceChartView.swift /Users/imran/GitRepos/axiom_shsat/axiom_shsat/ViewModels/Analytics/ProgressView.swift /Users/imran/GitRepos/axiom_shsat/axiom_shsat/ViewModels/Analytics/TopicBreakdownView.swift /Users/imran/GitRepos/axiom_shsat/axiom_shsat/ViewModels/AuthViewModel.swift /Users/imran/GitRepos/axiom_shsat/axiom_shsat/ViewModels/HomeViewModel.swift /Users/imran/GitRepos/axiom_shsat/axiom_shsat/ViewModels/ProfileViewModel.swift /Users/imran/GitRepos/axiom_shsat/axiom_shsat/ViewModels/ProgressViewModel.swift /Users/imran/GitRepos/axiom_shsat/axiom_shsat/ViewModels/TestSessionViewModel.swift /Users/imran/GitRepos/axiom_shsat/axiom_shsat/Views/Authentication/AuthenticationView.swift /Users/imran/GitRepos/axiom_shsat/axiom_shsat/Views/Authentication/SignInWithAppleButton.swift /Users/imran/GitRepos/axiom_shsat/axiom_shsat/Views/Components/ActionButton.swift /Users/imran/GitRepos/axiom_shsat/axiom_shsat/Views/Components/CircularProgressView.swift /Users/imran/GitRepos/axiom_shsat/axiom_shsat/Views/Components/MathView.swift /Users/imran/GitRepos/axiom_shsat/axiom_shsat/Views/Home/DashboardView.swift /Users/imran/GitRepos/axiom_shsat/axiom_shsat/Views/Home/HomeView.swift /Users/imran/GitRepos/axiom_shsat/axiom_shsat/Views/Home/RecommendationRow.swift /Users/imran/GitRepos/axiom_shsat/axiom_shsat/Views/Practice/QuestionView.swift /Users/imran/GitRepos/axiom_shsat/axiom_shsat/Views/Practice/TestConfigurationView.swift /Users/imran/GitRepos/axiom_shsat/axiom_shsat/Views/Practice/TestResultsView.swift /Users/imran/GitRepos/axiom_shsat/axiom_shsat/Views/Practice/TestSessionView.swift /Users/imran/GitRepos/axiom_shsat/axiom_shsat/Views/Profile/ProfileView.swift /Users/imran/Library/Developer/Xcode/DerivedData/axiom_shsat-ewavnqtjcbvtwzalylmwycqsirlf/Build/Intermediates.noindex/axiom_shsat.build/Debug-iphonesimulator/axiom_shsat.build/DerivedSources/GeneratedAssetSymbols.swift -supplementary-output-file-map /Users/imran/Library/Developer/Xcode/DerivedData/axiom_shsat-ewavnqtjcbvtwzalylmwycqsirlf/Build/Intermediates.noindex/axiom_shsat.build/Debug-iphonesimulator/axiom_shsat.build/Objects-normal/arm64/supplementaryOutputs-1 -emit-localized-strings -emit-localized-strings-path /Users/imran/Library/Developer/Xcode/DerivedData/axiom_shsat-ewavnqtjcbvtwzalylmwycqsirlf/Build/Intermediates.noindex/axiom_shsat.build/Debug-iphonesimulator/axiom_shsat.build/Objects-normal/arm64 -target arm64-apple-ios18.2-simulator -Xllvm -aarch64-use-tbi -enable-objc-interop -sdk /Applications/Xcode.app/Contents/Developer/Platforms/iPhoneSimulator.platform/Developer/SDKs/iPhoneSimulator18.2.sdk -I /Users/imran/Library/Developer/Xcode/DerivedData/axiom_shsat-ewavnqtjcbvtwzalylmwycqsirlf/Build/Products/Debug-iphonesimulator -F /Users/imran/Library/Developer/Xcode/DerivedData/axiom_shsat-ewavnqtjcbvtwzalylmwycqsirlf/Build/Products/Debug-iphonesimulator/PackageFrameworks -F /Users/imran/Library/Developer/Xcode/DerivedData/axiom_shsat-ewavnqtjcbvtwzalylmwycqsirlf/Build/Products/Debug-iphonesimulator -no-color-diagnostics -enable-testing -g -debug-info-format\=dwarf -dwarf-version\=5 -module-cache-path /Users/imran/Library/Developer/Xcode/DerivedData/ModuleCache.noindex -swift-version 5 -enforce-exclusivity\=checked -Onone -D DEBUG -serialize-debugging-options -const-gather-protocols-file /Users/imran/Library/Developer/Xcode/DerivedData/axiom_shsat-ewavnqtjcbvtwzalylmwycqsirlf/Build/Intermediates.noindex/axiom_shsat.build/Debug-iphonesimulator/axiom_shsat.build/Objects-normal/arm64/axiom_shsat_const_extract_protocols.json -enable-experimental-feature DebugDescriptionMacro -enable-experimental-feature OpaqueTypeErasure -enable-bare-slash-regex -empty-abi-descriptor -validate-clang-modules-once -clang-build-session-file /Users/imran/Library/Developer/Xcode/DerivedData/ModuleCache.noindex/Session.modulevalidation -Xcc -working-directory -Xcc /Users/imran/GitRepos/axiom_shsat -resource-dir /Applications/Xcode.app/Contents/Developer/Toolchains/XcodeDefault.xctoolchain/usr/lib/swift -enable-anonymous-context-mangled-names -file-compilation-dir /Users/imran/GitRepos/axiom_shsat -Xcc -D_LIBCPP_HARDENING_MODE\=_LIBCPP_HARDENING_MODE_DEBUG -Xcc -ivfsstatcache -Xcc /Users/imran/Library/Developer/Xcode/DerivedData/SDKStatCaches.noindex/iphonesimulator18.2-22C146-07b28473f605e47e75261259d3ef3b5a.sdkstatcache -Xcc -I/Users/imran/Library/Developer/Xcode/DerivedData/axiom_shsat-ewavnqtjcbvtwzalylmwycqsirlf/Build/Intermediates.noindex/axiom_shsat.build/Debug-iphonesimulator/axiom_shsat.build/swift-overrides.hmap -Xcc -iquote -Xcc /Users/imran/Library/Developer/Xcode/DerivedData/axiom_shsat-ewavnqtjcbvtwzalylmwycqsirlf/Build/Intermediates.noindex/axiom_shsat.build/Debug-iphonesimulator/axiom_shsat.build/axiom_shsat-generated-files.hmap -Xcc -I/Users/imran/Library/Developer/Xcode/DerivedData/axiom_shsat-ewavnqtjcbvtwzalylmwycqsirlf/Build/Intermediates.noindex/axiom_shsat.build/Debug-iphonesimulator/axiom_shsat.build/axiom_shsat-own-target-headers.hmap -Xcc -I/Users/imran/Library/Developer/Xcode/DerivedData/axiom_shsat-ewavnqtjcbvtwzalylmwycqsirlf/Build/Intermediates.noindex/axiom_shsat.build/Debug-iphonesimulator/axiom_shsat.build/axiom_shsat-all-non-framework-target-headers.hmap -Xcc -ivfsoverlay -Xcc /Users/imran/Library/Developer/Xcode/DerivedData/axiom_shsat-ewavnqtjcbvtwzalylmwycqsirlf/Build/Intermediates.noindex/axiom_shsat.build/Debug-iphonesimulator/axiom_shsat-751118db650c7a11cc97f55353d0f766-VFS-iphonesimulator/all-product-headers.yaml -Xcc -iquote -Xcc /Users/imran/Library/Developer/Xcode/DerivedData/axiom_shsat-ewavnqtjcbvtwzalylmwycqsirlf/Build/Intermediates.noindex/axiom_shsat.build/Debug-iphonesimulator/axiom_shsat.build/axiom_shsat-project-headers.hmap -Xcc -I/Users/imran/Library/Developer/Xcode/DerivedData/axiom_shsat-ewavnqtjcbvtwzalylmwycqsirlf/Build/Products/Debug-iphonesimulator/include -Xcc -I/Users/imran/Library/Developer/Xcode/DerivedData/axiom_shsat-ewavnqtjcbvtwzalylmwycqsirlf/Build/Intermediates.noindex/axiom_shsat.build/Debug-iphonesimulator/axiom_shsat.build/DerivedSources-normal/arm64 -Xcc -I/Users/imran/Library/Developer/Xcode/DerivedData/axiom_shsat-ewavnqtjcbvtwzalylmwycqsirlf/Build/Intermediates.noindex/axiom_shsat.build/Debug-iphonesimulator/axiom_shsat.build/DerivedSources/arm64 -Xcc -I/Users/imran/Library/Developer/Xcode/DerivedData/axiom_shsat-ewavnqtjcbvtwzalylmwycqsirlf/Build/Intermediates.noindex/axiom_shsat.build/Debug-iphonesimulator/axiom_shsat.build/DerivedSources -Xcc -DDEBUG\=1 -module-name axiom_shsat -frontend-parseable-output -disable-clang-spi -target-sdk-version 18.2 -target-sdk-name iphonesimulator18.2 -external-plugin-path /Applications/Xcode.app/Contents/Developer/Platforms/iPhoneOS.platform/Developer/usr/lib/swift/host/plugins\#/Applications/Xcode.app/Contents/Developer/Platforms/iPhoneOS.platform/Developer/usr/bin/swift-plugin-server -external-plugin-path /Applications/Xcode.app/Contents/Developer/Platforms/iPhoneOS.platform/Developer/usr/local/lib/swift/host/plugins\#/Applications/Xcode.app/Contents/Developer/Platforms/iPhoneOS.platform/Developer/usr/bin/swift-plugin-server -plugin-path /Applications/Xcode.app/Contents/Developer/Toolchains/XcodeDefault.xctoolchain/usr/lib/swift/host/plugins -plugin-path /Applications/Xcode.app/Contents/Developer/Toolchains/XcodeDefault.xctoolchain/usr/local/lib/swift/host/plugins -o /Users/imran/Library/Developer/Xcode/DerivedData/axiom_shsat-ewavnqtjcbvtwzalylmwycqsirlf/Build/Intermediates.noindex/axiom_shsat.build/Debug-iphonesimulator/axiom_shsat.build/Objects-normal/arm64/AppDelegate.o -o /Users/imran/Library/Developer/Xcode/DerivedData/axiom_shsat-ewavnqtjcbvtwzalylmwycqsirlf/Build/Intermediates.noindex/axiom_shsat.build/Debug-iphonesimulator/axiom_shsat.build/Objects-normal/arm64/SHSAT_PrepperApp.o -o /Users/imran/Library/Developer/Xcode/DerivedData/axiom_shsat-ewavnqtjcbvtwzalylmwycqsirlf/Build/Intermediates.noindex/axiom_shsat.build/Debug-iphonesimulator/axiom_shsat.build/Objects-normal/arm64/Question.o -o /Users/imran/Library/Developer/Xcode/DerivedData/axiom_shsat-ewavnqtjcbvtwzalylmwycqsirlf/Build/Intermediates.noindex/axiom_shsat.build/Debug-iphonesimulator/axiom_shsat.build/Objects-normal/arm64/QuestionResponse.o -o /Users/imran/Library/Developer/Xcode/DerivedData/axiom_shsat-ewavnqtjcbvtwzalylmwycqsirlf/Build/Intermediates.noindex/axiom_shsat.build/Debug-iphonesimulator/axiom_shsat.build/Objects-normal/arm64/TestSession.o -index-unit-output-path /axiom_shsat.build/Debug-iphonesimulator/axiom_shsat.build/Objects-normal/arm64/AppDelegate.o -index-unit-output-path /axiom_shsat.build/Debug-iphonesimulator/axiom_shsat.build/Objects-normal/arm64/SHSAT_PrepperApp.o -index-unit-output-path /axiom_shsat.build/Debug-iphonesimulator/axiom_shsat.build/Objects-normal/arm64/Question.o -index-unit-output-path /axiom_shsat.build/Debug-iphonesimulator/axiom_shsat.build/Objects-normal/arm64/QuestionResponse.o -index-unit-output-path /axiom_shsat.build/Debug-iphonesimulator/axiom_shsat.build/Objects-normal/arm64/TestSession.o -index-store-path /Users/imran/Library/Developer/Xcode/DerivedData/axiom_shsat-ewavnqtjcbvtwzalylmwycqsirlf/Index.noindex/DataStore -index-system-modules

/Users/imran/GitRepos/axiom_shsat/axiom_shsat/Models/TestSession.swift:82:12: error: initializer for conditional binding must have Optional type, not 'Date'
        if let startTime = startTime, let endTime = endTime {
           ^               ~~~~~~~~~

/Users/imran/GitRepos/axiom_shsat/axiom_shsat/Models/TestSession.swift:82:12: Initializer for conditional binding must have Optional type, not 'Date'

SwiftCompile normal arm64 Compiling\ TopicProgress.swift,\ UserProfile.swift,\ AnalyticsService.swift,\ AuthenticationService.swift,\ CloudKitService.swift /Users/imran/GitRepos/axiom_shsat/axiom_shsat/Models/TopicProgress.swift /Users/imran/GitRepos/axiom_shsat/axiom_shsat/Models/UserProfile.swift /Users/imran/GitRepos/axiom_shsat/axiom_shsat/Services/AnalyticsService.swift /Users/imran/GitRepos/axiom_shsat/axiom_shsat/Services/AuthenticationService.swift /Users/imran/GitRepos/axiom_shsat/axiom_shsat/Services/CloudKitService.swift (in target 'axiom_shsat' from project 'axiom_shsat')
    cd /Users/imran/GitRepos/axiom_shsat
    builtin-swiftTaskExecution -- /Applications/Xcode.app/Contents/Developer/Toolchains/XcodeDefault.xctoolchain/usr/bin/swift-frontend -frontend -c /Users/imran/GitRepos/axiom_shsat/axiom_shsat/App/AppDelegate.swift /Users/imran/GitRepos/axiom_shsat/axiom_shsat/App/SHSAT_PrepperApp.swift /Users/imran/GitRepos/axiom_shsat/axiom_shsat/Models/Question.swift /Users/imran/GitRepos/axiom_shsat/axiom_shsat/Models/QuestionResponse.swift /Users/imran/GitRepos/axiom_shsat/axiom_shsat/Models/TestSession.swift -primary-file /Users/imran/GitRepos/axiom_shsat/axiom_shsat/Models/TopicProgress.swift -primary-file /Users/imran/GitRepos/axiom_shsat/axiom_shsat/Models/UserProfile.swift -primary-file /Users/imran/GitRepos/axiom_shsat/axiom_shsat/Services/AnalyticsService.swift -primary-file /Users/imran/GitRepos/axiom_shsat/axiom_shsat/Services/AuthenticationService.swift -primary-file /Users/imran/GitRepos/axiom_shsat/axiom_shsat/Services/CloudKitService.swift /Users/imran/GitRepos/axiom_shsat/axiom_shsat/Services/QuestionService.swift /Users/imran/GitRepos/axiom_shsat/axiom_shsat/Utilities/Extensions/ColorExtensions.swift /Users/imran/GitRepos/axiom_shsat/axiom_shsat/Utilities/Extensions/DateExtensions.swift /Users/imran/GitRepos/axiom_shsat/axiom_shsat/Utilities/Helpers/ErrorHandler.swift /Users/imran/GitRepos/axiom_shsat/axiom_shsat/Utilities/Helpers/MathFormatter.swift /Users/imran/GitRepos/axiom_shsat/axiom_shsat/ViewModels/Analytics/PerformanceChartView.swift /Users/imran/GitRepos/axiom_shsat/axiom_shsat/ViewModels/Analytics/ProgressView.swift /Users/imran/GitRepos/axiom_shsat/axiom_shsat/ViewModels/Analytics/TopicBreakdownView.swift /Users/imran/GitRepos/axiom_shsat/axiom_shsat/ViewModels/AuthViewModel.swift /Users/imran/GitRepos/axiom_shsat/axiom_shsat/ViewModels/HomeViewModel.swift /Users/imran/GitRepos/axiom_shsat/axiom_shsat/ViewModels/ProfileViewModel.swift /Users/imran/GitRepos/axiom_shsat/axiom_shsat/ViewModels/ProgressViewModel.swift /Users/imran/GitRepos/axiom_shsat/axiom_shsat/ViewModels/TestSessionViewModel.swift /Users/imran/GitRepos/axiom_shsat/axiom_shsat/Views/Authentication/AuthenticationView.swift /Users/imran/GitRepos/axiom_shsat/axiom_shsat/Views/Authentication/SignInWithAppleButton.swift /Users/imran/GitRepos/axiom_shsat/axiom_shsat/Views/Components/ActionButton.swift /Users/imran/GitRepos/axiom_shsat/axiom_shsat/Views/Components/CircularProgressView.swift /Users/imran/GitRepos/axiom_shsat/axiom_shsat/Views/Components/MathView.swift /Users/imran/GitRepos/axiom_shsat/axiom_shsat/Views/Home/DashboardView.swift /Users/imran/GitRepos/axiom_shsat/axiom_shsat/Views/Home/HomeView.swift /Users/imran/GitRepos/axiom_shsat/axiom_shsat/Views/Home/RecommendationRow.swift /Users/imran/GitRepos/axiom_shsat/axiom_shsat/Views/Practice/QuestionView.swift /Users/imran/GitRepos/axiom_shsat/axiom_shsat/Views/Practice/TestConfigurationView.swift /Users/imran/GitRepos/axiom_shsat/axiom_shsat/Views/Practice/TestResultsView.swift /Users/imran/GitRepos/axiom_shsat/axiom_shsat/Views/Practice/TestSessionView.swift /Users/imran/GitRepos/axiom_shsat/axiom_shsat/Views/Profile/ProfileView.swift /Users/imran/Library/Developer/Xcode/DerivedData/axiom_shsat-ewavnqtjcbvtwzalylmwycqsirlf/Build/Intermediates.noindex/axiom_shsat.build/Debug-iphonesimulator/axiom_shsat.build/DerivedSources/GeneratedAssetSymbols.swift -supplementary-output-file-map /Users/imran/Library/Developer/Xcode/DerivedData/axiom_shsat-ewavnqtjcbvtwzalylmwycqsirlf/Build/Intermediates.noindex/axiom_shsat.build/Debug-iphonesimulator/axiom_shsat.build/Objects-normal/arm64/supplementaryOutputs-2 -emit-localized-strings -emit-localized-strings-path /Users/imran/Library/Developer/Xcode/DerivedData/axiom_shsat-ewavnqtjcbvtwzalylmwycqsirlf/Build/Intermediates.noindex/axiom_shsat.build/Debug-iphonesimulator/axiom_shsat.build/Objects-normal/arm64 -target arm64-apple-ios18.2-simulator -Xllvm -aarch64-use-tbi -enable-objc-interop -sdk /Applications/Xcode.app/Contents/Developer/Platforms/iPhoneSimulator.platform/Developer/SDKs/iPhoneSimulator18.2.sdk -I /Users/imran/Library/Developer/Xcode/DerivedData/axiom_shsat-ewavnqtjcbvtwzalylmwycqsirlf/Build/Products/Debug-iphonesimulator -F /Users/imran/Library/Developer/Xcode/DerivedData/axiom_shsat-ewavnqtjcbvtwzalylmwycqsirlf/Build/Products/Debug-iphonesimulator/PackageFrameworks -F /Users/imran/Library/Developer/Xcode/DerivedData/axiom_shsat-ewavnqtjcbvtwzalylmwycqsirlf/Build/Products/Debug-iphonesimulator -no-color-diagnostics -enable-testing -g -debug-info-format\=dwarf -dwarf-version\=5 -module-cache-path /Users/imran/Library/Developer/Xcode/DerivedData/ModuleCache.noindex -swift-version 5 -enforce-exclusivity\=checked -Onone -D DEBUG -serialize-debugging-options -const-gather-protocols-file /Users/imran/Library/Developer/Xcode/DerivedData/axiom_shsat-ewavnqtjcbvtwzalylmwycqsirlf/Build/Intermediates.noindex/axiom_shsat.build/Debug-iphonesimulator/axiom_shsat.build/Objects-normal/arm64/axiom_shsat_const_extract_protocols.json -enable-experimental-feature DebugDescriptionMacro -enable-experimental-feature OpaqueTypeErasure -enable-bare-slash-regex -empty-abi-descriptor -validate-clang-modules-once -clang-build-session-file /Users/imran/Library/Developer/Xcode/DerivedData/ModuleCache.noindex/Session.modulevalidation -Xcc -working-directory -Xcc /Users/imran/GitRepos/axiom_shsat -resource-dir /Applications/Xcode.app/Contents/Developer/Toolchains/XcodeDefault.xctoolchain/usr/lib/swift -enable-anonymous-context-mangled-names -file-compilation-dir /Users/imran/GitRepos/axiom_shsat -Xcc -D_LIBCPP_HARDENING_MODE\=_LIBCPP_HARDENING_MODE_DEBUG -Xcc -ivfsstatcache -Xcc /Users/imran/Library/Developer/Xcode/DerivedData/SDKStatCaches.noindex/iphonesimulator18.2-22C146-07b28473f605e47e75261259d3ef3b5a.sdkstatcache -Xcc -I/Users/imran/Library/Developer/Xcode/DerivedData/axiom_shsat-ewavnqtjcbvtwzalylmwycqsirlf/Build/Intermediates.noindex/axiom_shsat.build/Debug-iphonesimulator/axiom_shsat.build/swift-overrides.hmap -Xcc -iquote -Xcc /Users/imran/Library/Developer/Xcode/DerivedData/axiom_shsat-ewavnqtjcbvtwzalylmwycqsirlf/Build/Intermediates.noindex/axiom_shsat.build/Debug-iphonesimulator/axiom_shsat.build/axiom_shsat-generated-files.hmap -Xcc -I/Users/imran/Library/Developer/Xcode/DerivedData/axiom_shsat-ewavnqtjcbvtwzalylmwycqsirlf/Build/Intermediates.noindex/axiom_shsat.build/Debug-iphonesimulator/axiom_shsat.build/axiom_shsat-own-target-headers.hmap -Xcc -I/Users/imran/Library/Developer/Xcode/DerivedData/axiom_shsat-ewavnqtjcbvtwzalylmwycqsirlf/Build/Intermediates.noindex/axiom_shsat.build/Debug-iphonesimulator/axiom_shsat.build/axiom_shsat-all-non-framework-target-headers.hmap -Xcc -ivfsoverlay -Xcc /Users/imran/Library/Developer/Xcode/DerivedData/axiom_shsat-ewavnqtjcbvtwzalylmwycqsirlf/Build/Intermediates.noindex/axiom_shsat.build/Debug-iphonesimulator/axiom_shsat-751118db650c7a11cc97f55353d0f766-VFS-iphonesimulator/all-product-headers.yaml -Xcc -iquote -Xcc /Users/imran/Library/Developer/Xcode/DerivedData/axiom_shsat-ewavnqtjcbvtwzalylmwycqsirlf/Build/Intermediates.noindex/axiom_shsat.build/Debug-iphonesimulator/axiom_shsat.build/axiom_shsat-project-headers.hmap -Xcc -I/Users/imran/Library/Developer/Xcode/DerivedData/axiom_shsat-ewavnqtjcbvtwzalylmwycqsirlf/Build/Products/Debug-iphonesimulator/include -Xcc -I/Users/imran/Library/Developer/Xcode/DerivedData/axiom_shsat-ewavnqtjcbvtwzalylmwycqsirlf/Build/Intermediates.noindex/axiom_shsat.build/Debug-iphonesimulator/axiom_shsat.build/DerivedSources-normal/arm64 -Xcc -I/Users/imran/Library/Developer/Xcode/DerivedData/axiom_shsat-ewavnqtjcbvtwzalylmwycqsirlf/Build/Intermediates.noindex/axiom_shsat.build/Debug-iphonesimulator/axiom_shsat.build/DerivedSources/arm64 -Xcc -I/Users/imran/Library/Developer/Xcode/DerivedData/axiom_shsat-ewavnqtjcbvtwzalylmwycqsirlf/Build/Intermediates.noindex/axiom_shsat.build/Debug-iphonesimulator/axiom_shsat.build/DerivedSources -Xcc -DDEBUG\=1 -module-name axiom_shsat -frontend-parseable-output -disable-clang-spi -target-sdk-version 18.2 -target-sdk-name iphonesimulator18.2 -external-plugin-path /Applications/Xcode.app/Contents/Developer/Platforms/iPhoneOS.platform/Developer/usr/lib/swift/host/plugins\#/Applications/Xcode.app/Contents/Developer/Platforms/iPhoneOS.platform/Developer/usr/bin/swift-plugin-server -external-plugin-path /Applications/Xcode.app/Contents/Developer/Platforms/iPhoneOS.platform/Developer/usr/local/lib/swift/host/plugins\#/Applications/Xcode.app/Contents/Developer/Platforms/iPhoneOS.platform/Developer/usr/bin/swift-plugin-server -plugin-path /Applications/Xcode.app/Contents/Developer/Toolchains/XcodeDefault.xctoolchain/usr/lib/swift/host/plugins -plugin-path /Applications/Xcode.app/Contents/Developer/Toolchains/XcodeDefault.xctoolchain/usr/local/lib/swift/host/plugins -o /Users/imran/Library/Developer/Xcode/DerivedData/axiom_shsat-ewavnqtjcbvtwzalylmwycqsirlf/Build/Intermediates.noindex/axiom_shsat.build/Debug-iphonesimulator/axiom_shsat.build/Objects-normal/arm64/TopicProgress.o -o /Users/imran/Library/Developer/Xcode/DerivedData/axiom_shsat-ewavnqtjcbvtwzalylmwycqsirlf/Build/Intermediates.noindex/axiom_shsat.build/Debug-iphonesimulator/axiom_shsat.build/Objects-normal/arm64/UserProfile.o -o /Users/imran/Library/Developer/Xcode/DerivedData/axiom_shsat-ewavnqtjcbvtwzalylmwycqsirlf/Build/Intermediates.noindex/axiom_shsat.build/Debug-iphonesimulator/axiom_shsat.build/Objects-normal/arm64/AnalyticsService.o -o /Users/imran/Library/Developer/Xcode/DerivedData/axiom_shsat-ewavnqtjcbvtwzalylmwycqsirlf/Build/Intermediates.noindex/axiom_shsat.build/Debug-iphonesimulator/axiom_shsat.build/Objects-normal/arm64/AuthenticationService.o -o /Users/imran/Library/Developer/Xcode/DerivedData/axiom_shsat-ewavnqtjcbvtwzalylmwycqsirlf/Build/Intermediates.noindex/axiom_shsat.build/Debug-iphonesimulator/axiom_shsat.build/Objects-normal/arm64/CloudKitService.o -index-unit-output-path /axiom_shsat.build/Debug-iphonesimulator/axiom_shsat.build/Objects-normal/arm64/TopicProgress.o -index-unit-output-path /axiom_shsat.build/Debug-iphonesimulator/axiom_shsat.build/Objects-normal/arm64/UserProfile.o -index-unit-output-path /axiom_shsat.build/Debug-iphonesimulator/axiom_shsat.build/Objects-normal/arm64/AnalyticsService.o -index-unit-output-path /axiom_shsat.build/Debug-iphonesimulator/axiom_shsat.build/Objects-normal/arm64/AuthenticationService.o -index-unit-output-path /axiom_shsat.build/Debug-iphonesimulator/axiom_shsat.build/Objects-normal/arm64/CloudKitService.o -index-store-path /Users/imran/Library/Developer/Xcode/DerivedData/axiom_shsat-ewavnqtjcbvtwzalylmwycqsirlf/Index.noindex/DataStore -index-system-modules

Command SwiftCompile failed with a nonzero exit code

Command SwiftCompile failed with a nonzero exit code



Build failed    3/21/25, 5:00 PM    13.4 seconds
